# serializer version: 1
# name: test_template_snapshot[ab_neon_theme]
  dict({
    'builder': dict({
      'Examples': list([
        dict({
          'children': list([
          ]),
          'place_in_container': '',
          'type': 'heading',
        }),
        dict({
          'children': list([
            dict({
              'children': list([
                dict({
                  'children': list([
                  ]),
                  'place_in_container': '',
                  'type': 'heading',
                }),
                dict({
                  'children': list([
                  ]),
                  'place_in_container': '',
                  'type': 'text',
                }),
                dict({
                  'children': list([
                  ]),
                  'place_in_container': '',
                  'type': 'text',
                }),
                dict({
                  'children': list([
                  ]),
                  'place_in_container': '',
                  'type': 'text',
                }),
                dict({
                  'children': list([
                  ]),
                  'place_in_container': '',
                  'type': 'text',
                }),
                dict({
                  'children': list([
                  ]),
                  'place_in_container': '',
                  'type': 'text',
                }),
                dict({
                  'children': list([
                  ]),
                  'place_in_container': '',
                  'type': 'text',
                }),
                dict({
                  'children': list([
                  ]),
                  'place_in_container': '',
                  'type': 'link',
                }),
              ]),
              'place_in_container': '0',
              'type': 'simple_container',
            }),
            dict({
              'children': list([
                dict({
                  'children': list([
                  ]),
                  'place_in_container': '',
                  'type': 'heading',
                }),
                dict({
                  'children': list([
                  ]),
                  'place_in_container': '',
                  'type': 'text',
                }),
                dict({
                  'children': list([
                  ]),
                  'place_in_container': '',
                  'type': 'text',
                }),
                dict({
                  'children': list([
                  ]),
                  'place_in_container': '',
                  'type': 'text',
                }),
                dict({
                  'children': list([
                  ]),
                  'place_in_container': '',
                  'type': 'text',
                }),
                dict({
                  'children': list([
                  ]),
                  'place_in_container': '',
                  'type': 'text',
                }),
                dict({
                  'children': list([
                  ]),
                  'place_in_container': '',
                  'type': 'text',
                }),
                dict({
                  'children': list([
                  ]),
                  'place_in_container': '',
                  'type': 'link',
                }),
              ]),
              'place_in_container': '1',
              'type': 'simple_container',
            }),
            dict({
              'children': list([
                dict({
                  'children': list([
                  ]),
                  'place_in_container': '',
                  'type': 'heading',
                }),
                dict({
                  'children': list([
                  ]),
                  'place_in_container': '',
                  'type': 'text',
                }),
                dict({
                  'children': list([
                  ]),
                  'place_in_container': '',
                  'type': 'text',
                }),
                dict({
                  'children': list([
                  ]),
                  'place_in_container': '',
                  'type': 'text',
                }),
                dict({
                  'children': list([
                  ]),
                  'place_in_container': '',
                  'type': 'text',
                }),
                dict({
                  'children': list([
                  ]),
                  'place_in_container': '',
                  'type': 'text',
                }),
                dict({
                  'children': list([
                  ]),
                  'place_in_container': '',
                  'type': 'text',
                }),
                dict({
                  'children': list([
                  ]),
                  'place_in_container': '',
                  'type': 'link',
                }),
              ]),
              'place_in_container': '2',
              'type': 'simple_container',
            }),
          ]),
          'place_in_container': '',
          'type': 'column',
        }),
        dict({
          'children': list([
          ]),
          'place_in_container': '',
          'type': 'heading',
        }),
        dict({
          'children': list([
          ]),
          'place_in_container': '',
          'type': 'table',
        }),
        dict({
          'children': list([
          ]),
          'place_in_container': '',
          'type': 'heading',
        }),
        dict({
          'children': list([
            dict({
              'children': list([
              ]),
              'place_in_container': '1',
              'type': 'iframe',
            }),
            dict({
              'children': list([
              ]),
              'place_in_container': '1',
              'type': 'text',
            }),
            dict({
              'children': list([
                dict({
                  'children': list([
                  ]),
                  'place_in_container': '',
                  'type': 'input_text',
                }),
                dict({
                  'children': list([
                  ]),
                  'place_in_container': '',
                  'type': 'input_text',
                }),
                dict({
                  'children': list([
                  ]),
                  'place_in_container': '',
                  'type': 'input_text',
                }),
              ]),
              'place_in_container': '0',
              'type': 'form_container',
            }),
          ]),
          'place_in_container': '',
          'type': 'column',
        }),
        dict({
          'children': list([
          ]),
          'place_in_container': '',
          'type': 'heading',
        }),
        dict({
          'children': list([
            dict({
              'children': list([
                dict({
                  'children': list([
                  ]),
                  'place_in_container': '',
                  'type': 'text',
                }),
                dict({
                  'children': list([
                  ]),
                  'place_in_container': '',
                  'type': 'text',
                }),
              ]),
              'place_in_container': '0',
              'type': 'simple_container',
            }),
            dict({
              'children': list([
                dict({
                  'children': list([
                  ]),
                  'place_in_container': '',
                  'type': 'text',
                }),
                dict({
                  'children': list([
                  ]),
                  'place_in_container': '',
                  'type': 'text',
                }),
              ]),
              'place_in_container': '1',
              'type': 'simple_container',
            }),
            dict({
              'children': list([
                dict({
                  'children': list([
                  ]),
                  'place_in_container': '',
                  'type': 'text',
                }),
                dict({
                  'children': list([
                  ]),
                  'place_in_container': '',
                  'type': 'text',
                }),
              ]),
              'place_in_container': '2',
              'type': 'simple_container',
            }),
            dict({
              'children': list([
                dict({
                  'children': list([
                  ]),
                  'place_in_container': '',
                  'type': 'text',
                }),
                dict({
                  'children': list([
                  ]),
                  'place_in_container': '',
                  'type': 'text',
                }),
              ]),
              'place_in_container': '3',
              'type': 'simple_container',
            }),
            dict({
              'children': list([
                dict({
                  'children': list([
                  ]),
                  'place_in_container': '',
                  'type': 'text',
                }),
                dict({
                  'children': list([
                  ]),
                  'place_in_container': '',
                  'type': 'text',
                }),
              ]),
              'place_in_container': '4',
              'type': 'simple_container',
            }),
            dict({
              'children': list([
                dict({
                  'children': list([
                  ]),
                  'place_in_container': '',
                  'type': 'text',
                }),
                dict({
                  'children': list([
                  ]),
                  'place_in_container': '',
                  'type': 'text',
                }),
              ]),
              'place_in_container': '5',
              'type': 'simple_container',
            }),
          ]),
          'place_in_container': '',
          'type': 'column',
        }),
        dict({
          'children': list([
            dict({
              'children': list([
                dict({
                  'children': list([
                  ]),
                  'place_in_container': '',
                  'type': 'text',
                }),
                dict({
                  'children': list([
                  ]),
                  'place_in_container': '',
                  'type': 'text',
                }),
              ]),
              'place_in_container': '1',
              'type': 'simple_container',
            }),
            dict({
              'children': list([
                dict({
                  'children': list([
                  ]),
                  'place_in_container': '',
                  'type': 'text',
                }),
                dict({
                  'children': list([
                  ]),
                  'place_in_container': '',
                  'type': 'text',
                }),
              ]),
              'place_in_container': '0',
              'type': 'simple_container',
            }),
            dict({
              'children': list([
                dict({
                  'children': list([
                  ]),
                  'place_in_container': '',
                  'type': 'text',
                }),
                dict({
                  'children': list([
                  ]),
                  'place_in_container': '',
                  'type': 'text',
                }),
              ]),
              'place_in_container': '2',
              'type': 'simple_container',
            }),
          ]),
          'place_in_container': '',
          'type': 'column',
        }),
        dict({
          'children': list([
          ]),
          'place_in_container': '',
          'type': 'heading',
        }),
        dict({
          'children': list([
          ]),
          'place_in_container': '',
          'type': 'heading',
        }),
        dict({
          'children': list([
          ]),
          'place_in_container': '',
          'type': 'heading',
        }),
        dict({
          'children': list([
          ]),
          'place_in_container': '',
          'type': 'heading',
        }),
        dict({
          'children': list([
          ]),
          'place_in_container': '',
          'type': 'heading',
        }),
        dict({
          'children': list([
          ]),
          'place_in_container': '',
          'type': 'heading',
        }),
        dict({
          'children': list([
          ]),
          'place_in_container': '',
          'type': 'text',
        }),
      ]),
      '__shared__': list([
        dict({
          'children': list([
            dict({
              'children': list([
              ]),
              'place_in_container': '',
              'type': 'menu',
            }),
          ]),
          'place_in_container': '',
          'type': 'header',
        }),
        dict({
          'children': list([
            dict({
              'children': list([
                dict({
                  'children': list([
                    dict({
                      'children': list([
                      ]),
                      'place_in_container': '2',
                      'type': 'text',
                    }),
                    dict({
                      'children': list([
                      ]),
                      'place_in_container': '2',
                      'type': 'text',
                    }),
                    dict({
                      'children': list([
                        dict({
                          'children': list([
                          ]),
                          'place_in_container': '',
                          'type': 'input_text',
                        }),
                      ]),
                      'place_in_container': '2',
                      'type': 'form_container',
                    }),
                    dict({
                      'children': list([
                      ]),
                      'place_in_container': '0',
                      'type': 'text',
                    }),
                    dict({
                      'children': list([
                      ]),
                      'place_in_container': '0',
                      'type': 'link',
                    }),
                    dict({
                      'children': list([
                      ]),
                      'place_in_container': '0',
                      'type': 'link',
                    }),
                    dict({
                      'children': list([
                      ]),
                      'place_in_container': '0',
                      'type': 'link',
                    }),
                    dict({
                      'children': list([
                      ]),
                      'place_in_container': '0',
                      'type': 'link',
                    }),
                    dict({
                      'children': list([
                      ]),
                      'place_in_container': '0',
                      'type': 'link',
                    }),
                    dict({
                      'children': list([
                      ]),
                      'place_in_container': '0',
                      'type': 'link',
                    }),
                    dict({
                      'children': list([
                      ]),
                      'place_in_container': '1',
                      'type': 'text',
                    }),
                    dict({
                      'children': list([
                      ]),
                      'place_in_container': '1',
                      'type': 'link',
                    }),
                    dict({
                      'children': list([
                      ]),
                      'place_in_container': '1',
                      'type': 'link',
                    }),
                    dict({
                      'children': list([
                      ]),
                      'place_in_container': '1',
                      'type': 'link',
                    }),
                    dict({
                      'children': list([
                      ]),
                      'place_in_container': '1',
                      'type': 'link',
                    }),
                    dict({
                      'children': list([
                      ]),
                      'place_in_container': '1',
                      'type': 'link',
                    }),
                    dict({
                      'children': list([
                      ]),
                      'place_in_container': '1',
                      'type': 'link',
                    }),
                  ]),
                  'place_in_container': '',
                  'type': 'column',
                }),
              ]),
              'place_in_container': '',
              'type': 'simple_container',
            }),
          ]),
          'place_in_container': '',
          'type': 'footer',
        }),
      ]),
    }),
  })
# ---
