# serializer version: 1
# name: test_template_snapshot[asset-management]
  dict({
    'builder': dict({
      'Add Maintenance': list([
        dict({
          'children': list([
          ]),
          'place_in_container': '',
          'type': 'heading',
        }),
        dict({
          'children': list([
            dict({
              'children': list([
              ]),
              'place_in_container': '',
              'type': 'text',
            }),
            dict({
              'children': list([
              ]),
              'place_in_container': '',
              'type': 'text',
            }),
            dict({
              'children': list([
              ]),
              'place_in_container': '',
              'type': 'datetime_picker',
            }),
            dict({
              'children': list([
              ]),
              'place_in_container': '',
              'type': 'choice',
            }),
          ]),
          'place_in_container': '',
          'type': 'form_container',
        }),
        dict({
          'children': list([
          ]),
          'place_in_container': '',
          'type': 'heading',
        }),
        dict({
          'children': list([
          ]),
          'place_in_container': '',
          'type': 'table',
        }),
      ]),
      'Add issue': list([
        dict({
          'children': list([
          ]),
          'place_in_container': '',
          'type': 'heading',
        }),
        dict({
          'children': list([
            dict({
              'children': list([
              ]),
              'place_in_container': '',
              'type': 'text',
            }),
            dict({
              'children': list([
              ]),
              'place_in_container': '',
              'type': 'text',
            }),
            dict({
              'children': list([
              ]),
              'place_in_container': '',
              'type': 'text',
            }),
            dict({
              'children': list([
              ]),
              'place_in_container': '',
              'type': 'text',
            }),
            dict({
              'children': list([
              ]),
              'place_in_container': '',
              'type': 'datetime_picker',
            }),
            dict({
              'children': list([
              ]),
              'place_in_container': '',
              'type': 'input_text',
            }),
          ]),
          'place_in_container': '',
          'type': 'form_container',
        }),
        dict({
          'children': list([
          ]),
          'place_in_container': '',
          'type': 'heading',
        }),
        dict({
          'children': list([
          ]),
          'place_in_container': '',
          'type': 'table',
        }),
      ]),
      'Add replacement': list([
        dict({
          'children': list([
          ]),
          'place_in_container': '',
          'type': 'heading',
        }),
        dict({
          'children': list([
            dict({
              'children': list([
              ]),
              'place_in_container': '0',
              'type': 'heading',
            }),
            dict({
              'children': list([
              ]),
              'place_in_container': '0',
              'type': 'text',
            }),
            dict({
              'children': list([
                dict({
                  'children': list([
                  ]),
                  'place_in_container': '',
                  'type': 'input_text',
                }),
                dict({
                  'children': list([
                  ]),
                  'place_in_container': '',
                  'type': 'choice',
                }),
                dict({
                  'children': list([
                  ]),
                  'place_in_container': '',
                  'type': 'input_text',
                }),
                dict({
                  'children': list([
                  ]),
                  'place_in_container': '',
                  'type': 'input_text',
                }),
              ]),
              'place_in_container': '0',
              'type': 'form_container',
            }),
            dict({
              'children': list([
              ]),
              'place_in_container': '1',
              'type': 'heading',
            }),
            dict({
              'children': list([
                dict({
                  'children': list([
                  ]),
                  'place_in_container': '',
                  'type': 'text',
                }),
                dict({
                  'children': list([
                  ]),
                  'place_in_container': '',
                  'type': 'text',
                }),
                dict({
                  'children': list([
                  ]),
                  'place_in_container': '',
                  'type': 'datetime_picker',
                }),
                dict({
                  'children': list([
                  ]),
                  'place_in_container': '',
                  'type': 'record_selector',
                }),
                dict({
                  'children': list([
                  ]),
                  'place_in_container': '',
                  'type': 'input_text',
                }),
              ]),
              'place_in_container': '1',
              'type': 'form_container',
            }),
          ]),
          'place_in_container': '',
          'type': 'column',
        }),
      ]),
      'All assets': list([
        dict({
          'children': list([
          ]),
          'place_in_container': '',
          'type': 'heading',
        }),
        dict({
          'children': list([
            dict({
              'children': list([
              ]),
              'place_in_container': '',
              'type': 'input_text',
            }),
          ]),
          'place_in_container': '',
          'type': 'form_container',
        }),
        dict({
          'children': list([
          ]),
          'place_in_container': '',
          'type': 'heading',
        }),
        dict({
          'children': list([
          ]),
          'place_in_container': '',
          'type': 'table',
        }),
        dict({
          'children': list([
          ]),
          'place_in_container': '',
          'type': 'heading',
        }),
        dict({
          'children': list([
          ]),
          'place_in_container': '',
          'type': 'table',
        }),
        dict({
          'children': list([
          ]),
          'place_in_container': '',
          'type': 'heading',
        }),
        dict({
          'children': list([
          ]),
          'place_in_container': '',
          'type': 'table',
        }),
        dict({
          'children': list([
          ]),
          'place_in_container': '',
          'type': 'heading',
        }),
        dict({
          'children': list([
          ]),
          'place_in_container': '',
          'type': 'table',
        }),
      ]),
      'Asset details': list([
        dict({
          'children': list([
          ]),
          'place_in_container': '',
          'type': 'heading',
        }),
        dict({
          'children': list([
          ]),
          'place_in_container': '',
          'type': 'link',
        }),
        dict({
          'children': list([
            dict({
              'children': list([
              ]),
              'place_in_container': '0',
              'type': 'text',
            }),
            dict({
              'children': list([
              ]),
              'place_in_container': '0',
              'type': 'text',
            }),
            dict({
              'children': list([
              ]),
              'place_in_container': '0',
              'type': 'text',
            }),
            dict({
              'children': list([
              ]),
              'place_in_container': '0',
              'type': 'text',
            }),
            dict({
              'children': list([
              ]),
              'place_in_container': '0',
              'type': 'text',
            }),
            dict({
              'children': list([
              ]),
              'place_in_container': '0',
              'type': 'text',
            }),
            dict({
              'children': list([
              ]),
              'place_in_container': '0',
              'type': 'text',
            }),
            dict({
              'children': list([
              ]),
              'place_in_container': '0',
              'type': 'text',
            }),
            dict({
              'children': list([
              ]),
              'place_in_container': '0',
              'type': 'text',
            }),
            dict({
              'children': list([
              ]),
              'place_in_container': '0',
              'type': 'text',
            }),
            dict({
              'children': list([
              ]),
              'place_in_container': '0',
              'type': 'text',
            }),
            dict({
              'children': list([
              ]),
              'place_in_container': '0',
              'type': 'text',
            }),
            dict({
              'children': list([
              ]),
              'place_in_container': '1',
              'type': 'text',
            }),
            dict({
              'children': list([
              ]),
              'place_in_container': '1',
              'type': 'text',
            }),
            dict({
              'children': list([
              ]),
              'place_in_container': '1',
              'type': 'text',
            }),
            dict({
              'children': list([
              ]),
              'place_in_container': '1',
              'type': 'text',
            }),
            dict({
              'children': list([
              ]),
              'place_in_container': '1',
              'type': 'text',
            }),
            dict({
              'children': list([
              ]),
              'place_in_container': '1',
              'type': 'text',
            }),
            dict({
              'children': list([
              ]),
              'place_in_container': '1',
              'type': 'text',
            }),
            dict({
              'children': list([
              ]),
              'place_in_container': '1',
              'type': 'text',
            }),
            dict({
              'children': list([
              ]),
              'place_in_container': '1',
              'type': 'link',
            }),
            dict({
              'children': list([
              ]),
              'place_in_container': '1',
              'type': 'text',
            }),
            dict({
              'children': list([
              ]),
              'place_in_container': '1',
              'type': 'text',
            }),
            dict({
              'children': list([
              ]),
              'place_in_container': '1',
              'type': 'link',
            }),
          ]),
          'place_in_container': '',
          'type': 'column',
        }),
        dict({
          'children': list([
            dict({
              'children': list([
              ]),
              'place_in_container': '',
              'type': 'heading',
            }),
            dict({
              'children': list([
              ]),
              'place_in_container': '',
              'type': 'link',
            }),
            dict({
              'children': list([
              ]),
              'place_in_container': '',
              'type': 'table',
            }),
          ]),
          'place_in_container': '',
          'type': 'simple_container',
        }),
        dict({
          'children': list([
            dict({
              'children': list([
              ]),
              'place_in_container': '',
              'type': 'heading',
            }),
            dict({
              'children': list([
              ]),
              'place_in_container': '',
              'type': 'link',
            }),
            dict({
              'children': list([
              ]),
              'place_in_container': '',
              'type': 'table',
            }),
          ]),
          'place_in_container': '',
          'type': 'simple_container',
        }),
        dict({
          'children': list([
            dict({
              'children': list([
              ]),
              'place_in_container': '',
              'type': 'heading',
            }),
            dict({
              'children': list([
              ]),
              'place_in_container': '',
              'type': 'table',
            }),
          ]),
          'place_in_container': '',
          'type': 'simple_container',
        }),
      ]),
      'Department assets': list([
        dict({
          'children': list([
          ]),
          'place_in_container': '',
          'type': 'heading',
        }),
        dict({
          'children': list([
            dict({
              'children': list([
              ]),
              'place_in_container': '',
              'type': 'input_text',
            }),
          ]),
          'place_in_container': '',
          'type': 'form_container',
        }),
        dict({
          'children': list([
          ]),
          'place_in_container': '',
          'type': 'table',
        }),
      ]),
      'Home': list([
        dict({
          'children': list([
          ]),
          'place_in_container': '',
          'type': 'heading',
        }),
        dict({
          'children': list([
            dict({
              'children': list([
              ]),
              'place_in_container': '',
              'type': 'input_text',
            }),
          ]),
          'place_in_container': '',
          'type': 'form_container',
        }),
        dict({
          'children': list([
          ]),
          'place_in_container': '',
          'type': 'heading',
        }),
        dict({
          'children': list([
          ]),
          'place_in_container': '',
          'type': 'table',
        }),
        dict({
          'children': list([
          ]),
          'place_in_container': '',
          'type': 'heading',
        }),
        dict({
          'children': list([
          ]),
          'place_in_container': '',
          'type': 'table',
        }),
      ]),
      'Issue details': list([
        dict({
          'children': list([
          ]),
          'place_in_container': '',
          'type': 'heading',
        }),
        dict({
          'children': list([
            dict({
              'children': list([
              ]),
              'place_in_container': '0',
              'type': 'text',
            }),
            dict({
              'children': list([
              ]),
              'place_in_container': '0',
              'type': 'link',
            }),
            dict({
              'children': list([
              ]),
              'place_in_container': '0',
              'type': 'text',
            }),
            dict({
              'children': list([
              ]),
              'place_in_container': '0',
              'type': 'text',
            }),
            dict({
              'children': list([
              ]),
              'place_in_container': '0',
              'type': 'text',
            }),
            dict({
              'children': list([
              ]),
              'place_in_container': '0',
              'type': 'text',
            }),
            dict({
              'children': list([
              ]),
              'place_in_container': '0',
              'type': 'text',
            }),
            dict({
              'children': list([
              ]),
              'place_in_container': '0',
              'type': 'text',
            }),
            dict({
              'children': list([
                dict({
                  'children': list([
                  ]),
                  'place_in_container': '',
                  'type': 'choice',
                }),
                dict({
                  'children': list([
                  ]),
                  'place_in_container': '',
                  'type': 'choice',
                }),
                dict({
                  'children': list([
                  ]),
                  'place_in_container': '',
                  'type': 'record_selector',
                }),
                dict({
                  'children': list([
                  ]),
                  'place_in_container': '',
                  'type': 'datetime_picker',
                }),
                dict({
                  'children': list([
                  ]),
                  'place_in_container': '',
                  'type': 'input_text',
                }),
              ]),
              'place_in_container': '1',
              'type': 'form_container',
            }),
          ]),
          'place_in_container': '',
          'type': 'column',
        }),
      ]),
      'Issues & Maintenance': list([
        dict({
          'children': list([
          ]),
          'place_in_container': '',
          'type': 'heading',
        }),
        dict({
          'children': list([
          ]),
          'place_in_container': '',
          'type': 'heading',
        }),
        dict({
          'children': list([
          ]),
          'place_in_container': '',
          'type': 'table',
        }),
        dict({
          'children': list([
          ]),
          'place_in_container': '',
          'type': 'heading',
        }),
        dict({
          'children': list([
          ]),
          'place_in_container': '',
          'type': 'table',
        }),
        dict({
          'children': list([
          ]),
          'place_in_container': '',
          'type': 'heading',
        }),
        dict({
          'children': list([
          ]),
          'place_in_container': '',
          'type': 'table',
        }),
      ]),
      'Login': list([
        dict({
          'children': list([
          ]),
          'place_in_container': '',
          'type': 'heading',
        }),
        dict({
          'children': list([
          ]),
          'place_in_container': '',
          'type': 'auth_form',
        }),
      ]),
      'Maintenance details': list([
        dict({
          'children': list([
          ]),
          'place_in_container': '',
          'type': 'heading',
        }),
        dict({
          'children': list([
            dict({
              'children': list([
              ]),
              'place_in_container': '0',
              'type': 'text',
            }),
            dict({
              'children': list([
              ]),
              'place_in_container': '0',
              'type': 'link',
            }),
            dict({
              'children': list([
              ]),
              'place_in_container': '0',
              'type': 'text',
            }),
            dict({
              'children': list([
              ]),
              'place_in_container': '0',
              'type': 'text',
            }),
            dict({
              'children': list([
              ]),
              'place_in_container': '0',
              'type': 'text',
            }),
            dict({
              'children': list([
              ]),
              'place_in_container': '0',
              'type': 'text',
            }),
            dict({
              'children': list([
                dict({
                  'children': list([
                  ]),
                  'place_in_container': '',
                  'type': 'datetime_picker',
                }),
                dict({
                  'children': list([
                  ]),
                  'place_in_container': '',
                  'type': 'record_selector',
                }),
                dict({
                  'children': list([
                  ]),
                  'place_in_container': '',
                  'type': 'input_text',
                }),
                dict({
                  'children': list([
                  ]),
                  'place_in_container': '',
                  'type': 'input_text',
                }),
              ]),
              'place_in_container': '1',
              'type': 'form_container',
            }),
          ]),
          'place_in_container': '',
          'type': 'column',
        }),
      ]),
      'Replacement details': list([
        dict({
          'children': list([
          ]),
          'place_in_container': '',
          'type': 'heading',
        }),
        dict({
          'children': list([
            dict({
              'children': list([
              ]),
              'place_in_container': '1',
              'type': 'text',
            }),
            dict({
              'children': list([
              ]),
              'place_in_container': '1',
              'type': 'text',
            }),
            dict({
              'children': list([
              ]),
              'place_in_container': '1',
              'type': 'text',
            }),
            dict({
              'children': list([
              ]),
              'place_in_container': '1',
              'type': 'text',
            }),
            dict({
              'children': list([
              ]),
              'place_in_container': '1',
              'type': 'text',
            }),
            dict({
              'children': list([
              ]),
              'place_in_container': '1',
              'type': 'text',
            }),
            dict({
              'children': list([
              ]),
              'place_in_container': '0',
              'type': 'text',
            }),
            dict({
              'children': list([
              ]),
              'place_in_container': '0',
              'type': 'link',
            }),
            dict({
              'children': list([
              ]),
              'place_in_container': '0',
              'type': 'text',
            }),
            dict({
              'children': list([
              ]),
              'place_in_container': '0',
              'type': 'link',
            }),
            dict({
              'children': list([
              ]),
              'place_in_container': '0',
              'type': 'text',
            }),
            dict({
              'children': list([
              ]),
              'place_in_container': '0',
              'type': 'text',
            }),
            dict({
              'children': list([
              ]),
              'place_in_container': '0',
              'type': 'text',
            }),
            dict({
              'children': list([
              ]),
              'place_in_container': '0',
              'type': 'text',
            }),
            dict({
              'children': list([
              ]),
              'place_in_container': '0',
              'type': 'text',
            }),
            dict({
              'children': list([
              ]),
              'place_in_container': '0',
              'type': 'text',
            }),
          ]),
          'place_in_container': '',
          'type': 'column',
        }),
      ]),
      '__shared__': list([
        dict({
          'children': list([
            dict({
              'children': list([
              ]),
              'place_in_container': '',
              'type': 'image',
            }),
            dict({
              'children': list([
              ]),
              'place_in_container': '',
              'type': 'text',
            }),
            dict({
              'children': list([
              ]),
              'place_in_container': '',
              'type': 'menu',
            }),
            dict({
              'children': list([
              ]),
              'place_in_container': '',
              'type': 'menu',
            }),
            dict({
              'children': list([
              ]),
              'place_in_container': '',
              'type': 'menu',
            }),
          ]),
          'place_in_container': '',
          'type': 'header',
        }),
      ]),
    }),
  })
# ---
