# serializer version: 1
# name: test_template_snapshot[electronic-health-record]
  dict({
    'builder': dict({
      'Examination details': list([
        dict({
          'children': list([
          ]),
          'place_in_container': '',
          'type': 'heading',
        }),
        dict({
          'children': list([
          ]),
          'place_in_container': '',
          'type': 'link',
        }),
        dict({
          'children': list([
          ]),
          'place_in_container': '',
          'type': 'text',
        }),
        dict({
          'children': list([
          ]),
          'place_in_container': '',
          'type': 'text',
        }),
        dict({
          'children': list([
          ]),
          'place_in_container': '',
          'type': 'text',
        }),
        dict({
          'children': list([
          ]),
          'place_in_container': '',
          'type': 'text',
        }),
        dict({
          'children': list([
          ]),
          'place_in_container': '',
          'type': 'text',
        }),
        dict({
          'children': list([
          ]),
          'place_in_container': '',
          'type': 'iframe',
        }),
      ]),
      'Homepage': list([
        dict({
          'children': list([
          ]),
          'place_in_container': '',
          'type': 'heading',
        }),
        dict({
          'children': list([
            dict({
              'children': list([
                dict({
                  'children': list([
                  ]),
                  'place_in_container': '0',
                  'type': 'image',
                }),
                dict({
                  'children': list([
                  ]),
                  'place_in_container': '0',
                  'type': 'link',
                }),
                dict({
                  'children': list([
                  ]),
                  'place_in_container': '0',
                  'type': 'heading',
                }),
              ]),
              'place_in_container': '',
              'type': 'column',
            }),
          ]),
          'place_in_container': '',
          'type': 'repeat',
        }),
        dict({
          'children': list([
          ]),
          'place_in_container': '',
          'type': 'heading',
        }),
        dict({
          'children': list([
          ]),
          'place_in_container': '',
          'type': 'table',
        }),
      ]),
      'Login': list([
        dict({
          'children': list([
          ]),
          'place_in_container': '',
          'type': 'image',
        }),
        dict({
          'children': list([
          ]),
          'place_in_container': '',
          'type': 'auth_form',
        }),
      ]),
      'Patient file': list([
        dict({
          'children': list([
          ]),
          'place_in_container': '',
          'type': 'heading',
        }),
        dict({
          'children': list([
          ]),
          'place_in_container': '',
          'type': 'link',
        }),
        dict({
          'children': list([
            dict({
              'children': list([
              ]),
              'place_in_container': '0',
              'type': 'image',
            }),
            dict({
              'children': list([
              ]),
              'place_in_container': '1',
              'type': 'text',
            }),
            dict({
              'children': list([
              ]),
              'place_in_container': '1',
              'type': 'text',
            }),
            dict({
              'children': list([
              ]),
              'place_in_container': '1',
              'type': 'text',
            }),
            dict({
              'children': list([
              ]),
              'place_in_container': '1',
              'type': 'text',
            }),
            dict({
              'children': list([
              ]),
              'place_in_container': '1',
              'type': 'text',
            }),
            dict({
              'children': list([
              ]),
              'place_in_container': '1',
              'type': 'text',
            }),
            dict({
              'children': list([
              ]),
              'place_in_container': '1',
              'type': 'text',
            }),
            dict({
              'children': list([
              ]),
              'place_in_container': '1',
              'type': 'text',
            }),
          ]),
          'place_in_container': '',
          'type': 'column',
        }),
        dict({
          'children': list([
            dict({
              'children': list([
              ]),
              'place_in_container': '0',
              'type': 'heading',
            }),
          ]),
          'place_in_container': '',
          'type': 'column',
        }),
        dict({
          'children': list([
            dict({
              'children': list([
              ]),
              'place_in_container': '',
              'type': 'input_text',
            }),
            dict({
              'children': list([
              ]),
              'place_in_container': '',
              'type': 'input_text',
            }),
          ]),
          'place_in_container': '',
          'type': 'form_container',
        }),
        dict({
          'children': list([
            dict({
              'children': list([
              ]),
              'place_in_container': '0',
              'type': 'heading',
            }),
          ]),
          'place_in_container': '',
          'type': 'column',
        }),
        dict({
          'children': list([
            dict({
              'children': list([
              ]),
              'place_in_container': '1',
              'type': 'heading',
            }),
            dict({
              'children': list([
              ]),
              'place_in_container': '1',
              'type': 'choice',
            }),
            dict({
              'children': list([
              ]),
              'place_in_container': '1',
              'type': 'button',
            }),
            dict({
              'children': list([
              ]),
              'place_in_container': '0',
              'type': 'table',
            }),
          ]),
          'place_in_container': '',
          'type': 'column',
        }),
        dict({
          'children': list([
            dict({
              'children': list([
              ]),
              'place_in_container': '0',
              'type': 'heading',
            }),
          ]),
          'place_in_container': '',
          'type': 'column',
        }),
        dict({
          'children': list([
            dict({
              'children': list([
              ]),
              'place_in_container': '0',
              'type': 'table',
            }),
            dict({
              'children': list([
              ]),
              'place_in_container': '1',
              'type': 'heading',
            }),
            dict({
              'children': list([
              ]),
              'place_in_container': '1',
              'type': 'choice',
            }),
            dict({
              'children': list([
              ]),
              'place_in_container': '1',
              'type': 'button',
            }),
          ]),
          'place_in_container': '',
          'type': 'column',
        }),
        dict({
          'children': list([
            dict({
              'children': list([
              ]),
              'place_in_container': '0',
              'type': 'heading',
            }),
            dict({
              'children': list([
              ]),
              'place_in_container': '1',
              'type': 'link',
            }),
          ]),
          'place_in_container': '',
          'type': 'column',
        }),
        dict({
          'children': list([
          ]),
          'place_in_container': '',
          'type': 'table',
        }),
        dict({
          'children': list([
            dict({
              'children': list([
              ]),
              'place_in_container': '0',
              'type': 'heading',
            }),
            dict({
              'children': list([
              ]),
              'place_in_container': '1',
              'type': 'link',
            }),
          ]),
          'place_in_container': '',
          'type': 'column',
        }),
        dict({
          'children': list([
          ]),
          'place_in_container': '',
          'type': 'table',
        }),
      ]),
      'Patient file (print)': list([
        dict({
          'children': list([
          ]),
          'place_in_container': '',
          'type': 'heading',
        }),
        dict({
          'children': list([
            dict({
              'children': list([
              ]),
              'place_in_container': '0',
              'type': 'image',
            }),
            dict({
              'children': list([
              ]),
              'place_in_container': '1',
              'type': 'text',
            }),
            dict({
              'children': list([
              ]),
              'place_in_container': '1',
              'type': 'text',
            }),
            dict({
              'children': list([
              ]),
              'place_in_container': '1',
              'type': 'text',
            }),
            dict({
              'children': list([
              ]),
              'place_in_container': '1',
              'type': 'text',
            }),
            dict({
              'children': list([
              ]),
              'place_in_container': '1',
              'type': 'text',
            }),
            dict({
              'children': list([
              ]),
              'place_in_container': '1',
              'type': 'text',
            }),
            dict({
              'children': list([
              ]),
              'place_in_container': '1',
              'type': 'text',
            }),
            dict({
              'children': list([
              ]),
              'place_in_container': '1',
              'type': 'text',
            }),
          ]),
          'place_in_container': '',
          'type': 'column',
        }),
        dict({
          'children': list([
            dict({
              'children': list([
              ]),
              'place_in_container': '0',
              'type': 'heading',
            }),
          ]),
          'place_in_container': '',
          'type': 'column',
        }),
        dict({
          'children': list([
          ]),
          'place_in_container': '',
          'type': 'text',
        }),
        dict({
          'children': list([
          ]),
          'place_in_container': '',
          'type': 'text',
        }),
        dict({
          'children': list([
          ]),
          'place_in_container': '',
          'type': 'text',
        }),
        dict({
          'children': list([
          ]),
          'place_in_container': '',
          'type': 'text',
        }),
        dict({
          'children': list([
            dict({
              'children': list([
              ]),
              'place_in_container': '0',
              'type': 'heading',
            }),
          ]),
          'place_in_container': '',
          'type': 'column',
        }),
        dict({
          'children': list([
          ]),
          'place_in_container': '',
          'type': 'table',
        }),
        dict({
          'children': list([
            dict({
              'children': list([
              ]),
              'place_in_container': '0',
              'type': 'heading',
            }),
          ]),
          'place_in_container': '',
          'type': 'column',
        }),
        dict({
          'children': list([
          ]),
          'place_in_container': '',
          'type': 'table',
        }),
        dict({
          'children': list([
            dict({
              'children': list([
              ]),
              'place_in_container': '0',
              'type': 'heading',
            }),
          ]),
          'place_in_container': '',
          'type': 'column',
        }),
        dict({
          'children': list([
          ]),
          'place_in_container': '',
          'type': 'table',
        }),
        dict({
          'children': list([
            dict({
              'children': list([
              ]),
              'place_in_container': '0',
              'type': 'heading',
            }),
          ]),
          'place_in_container': '',
          'type': 'column',
        }),
        dict({
          'children': list([
          ]),
          'place_in_container': '',
          'type': 'table',
        }),
      ]),
      '__shared__': list([
        dict({
          'children': list([
            dict({
              'children': list([
              ]),
              'place_in_container': '',
              'type': 'image',
            }),
            dict({
              'children': list([
                dict({
                  'children': list([
                  ]),
                  'place_in_container': '0',
                  'type': 'text',
                }),
                dict({
                  'children': list([
                  ]),
                  'place_in_container': '1',
                  'type': 'button',
                }),
              ]),
              'place_in_container': '',
              'type': 'column',
            }),
          ]),
          'place_in_container': '',
          'type': 'header',
        }),
      ]),
    }),
  })
# ---
