# serializer version: 1
# name: test_template_snapshot[esg-management]
  dict({
    'builder': dict({
      'Action details': list([
        dict({
          'children': list([
            dict({
              'children': list([
              ]),
              'place_in_container': '0',
              'type': 'link',
            }),
            dict({
              'children': list([
              ]),
              'place_in_container': '1',
              'type': 'link',
            }),
            dict({
              'children': list([
              ]),
              'place_in_container': '2',
              'type': 'link',
            }),
            dict({
              'children': list([
              ]),
              'place_in_container': '3',
              'type': 'link',
            }),
          ]),
          'place_in_container': '',
          'type': 'column',
        }),
        dict({
          'children': list([
          ]),
          'place_in_container': '',
          'type': 'heading',
        }),
        dict({
          'children': list([
          ]),
          'place_in_container': '',
          'type': 'text',
        }),
        dict({
          'children': list([
            dict({
              'children': list([
              ]),
              'place_in_container': '1',
              'type': 'text',
            }),
            dict({
              'children': list([
              ]),
              'place_in_container': '1',
              'type': 'text',
            }),
            dict({
              'children': list([
              ]),
              'place_in_container': '1',
              'type': 'text',
            }),
            dict({
              'children': list([
              ]),
              'place_in_container': '1',
              'type': 'text',
            }),
            dict({
              'children': list([
              ]),
              'place_in_container': '1',
              'type': 'text',
            }),
            dict({
              'children': list([
              ]),
              'place_in_container': '1',
              'type': 'text',
            }),
            dict({
              'children': list([
              ]),
              'place_in_container': '0',
              'type': 'text',
            }),
            dict({
              'children': list([
              ]),
              'place_in_container': '0',
              'type': 'text',
            }),
            dict({
              'children': list([
              ]),
              'place_in_container': '0',
              'type': 'text',
            }),
            dict({
              'children': list([
              ]),
              'place_in_container': '0',
              'type': 'link',
            }),
            dict({
              'children': list([
              ]),
              'place_in_container': '0',
              'type': 'text',
            }),
            dict({
              'children': list([
              ]),
              'place_in_container': '0',
              'type': 'link',
            }),
            dict({
              'children': list([
              ]),
              'place_in_container': '0',
              'type': 'text',
            }),
            dict({
              'children': list([
              ]),
              'place_in_container': '0',
              'type': 'text',
            }),
          ]),
          'place_in_container': '',
          'type': 'column',
        }),
        dict({
          'children': list([
          ]),
          'place_in_container': '',
          'type': 'heading',
        }),
        dict({
          'children': list([
            dict({
              'children': list([
              ]),
              'place_in_container': '',
              'type': 'input_text',
            }),
          ]),
          'place_in_container': '',
          'type': 'form_container',
        }),
        dict({
          'children': list([
            dict({
              'children': list([
              ]),
              'place_in_container': '',
              'type': 'text',
            }),
            dict({
              'children': list([
              ]),
              'place_in_container': '',
              'type': 'text',
            }),
          ]),
          'place_in_container': '',
          'type': 'repeat',
        }),
      ]),
      'Actions': list([
        dict({
          'children': list([
            dict({
              'children': list([
              ]),
              'place_in_container': '0',
              'type': 'link',
            }),
            dict({
              'children': list([
              ]),
              'place_in_container': '1',
              'type': 'link',
            }),
            dict({
              'children': list([
              ]),
              'place_in_container': '2',
              'type': 'link',
            }),
            dict({
              'children': list([
              ]),
              'place_in_container': '3',
              'type': 'link',
            }),
          ]),
          'place_in_container': '',
          'type': 'column',
        }),
        dict({
          'children': list([
          ]),
          'place_in_container': '',
          'type': 'heading',
        }),
        dict({
          'children': list([
            dict({
              'children': list([
              ]),
              'place_in_container': '0',
              'type': 'heading',
            }),
            dict({
              'children': list([
              ]),
              'place_in_container': '1',
              'type': 'heading',
            }),
            dict({
              'children': list([
              ]),
              'place_in_container': '2',
              'type': 'heading',
            }),
            dict({
              'children': list([
              ]),
              'place_in_container': '3',
              'type': 'heading',
            }),
          ]),
          'place_in_container': '',
          'type': 'column',
        }),
        dict({
          'children': list([
            dict({
              'children': list([
                dict({
                  'children': list([
                  ]),
                  'place_in_container': '',
                  'type': 'heading',
                }),
                dict({
                  'children': list([
                  ]),
                  'place_in_container': '',
                  'type': 'text',
                }),
                dict({
                  'children': list([
                  ]),
                  'place_in_container': '',
                  'type': 'text',
                }),
                dict({
                  'children': list([
                  ]),
                  'place_in_container': '',
                  'type': 'text',
                }),
                dict({
                  'children': list([
                  ]),
                  'place_in_container': '',
                  'type': 'text',
                }),
                dict({
                  'children': list([
                  ]),
                  'place_in_container': '',
                  'type': 'text',
                }),
                dict({
                  'children': list([
                  ]),
                  'place_in_container': '',
                  'type': 'text',
                }),
                dict({
                  'children': list([
                  ]),
                  'place_in_container': '',
                  'type': 'text',
                }),
                dict({
                  'children': list([
                  ]),
                  'place_in_container': '',
                  'type': 'text',
                }),
                dict({
                  'children': list([
                  ]),
                  'place_in_container': '',
                  'type': 'link',
                }),
                dict({
                  'children': list([
                  ]),
                  'place_in_container': '',
                  'type': 'link',
                }),
              ]),
              'place_in_container': '0',
              'type': 'repeat',
            }),
            dict({
              'children': list([
                dict({
                  'children': list([
                  ]),
                  'place_in_container': '',
                  'type': 'heading',
                }),
                dict({
                  'children': list([
                  ]),
                  'place_in_container': '',
                  'type': 'text',
                }),
                dict({
                  'children': list([
                  ]),
                  'place_in_container': '',
                  'type': 'text',
                }),
                dict({
                  'children': list([
                  ]),
                  'place_in_container': '',
                  'type': 'text',
                }),
                dict({
                  'children': list([
                  ]),
                  'place_in_container': '',
                  'type': 'text',
                }),
                dict({
                  'children': list([
                  ]),
                  'place_in_container': '',
                  'type': 'text',
                }),
                dict({
                  'children': list([
                  ]),
                  'place_in_container': '',
                  'type': 'text',
                }),
                dict({
                  'children': list([
                  ]),
                  'place_in_container': '',
                  'type': 'text',
                }),
                dict({
                  'children': list([
                  ]),
                  'place_in_container': '',
                  'type': 'text',
                }),
                dict({
                  'children': list([
                  ]),
                  'place_in_container': '',
                  'type': 'link',
                }),
                dict({
                  'children': list([
                  ]),
                  'place_in_container': '',
                  'type': 'link',
                }),
              ]),
              'place_in_container': '1',
              'type': 'repeat',
            }),
            dict({
              'children': list([
                dict({
                  'children': list([
                  ]),
                  'place_in_container': '',
                  'type': 'heading',
                }),
                dict({
                  'children': list([
                  ]),
                  'place_in_container': '',
                  'type': 'text',
                }),
                dict({
                  'children': list([
                  ]),
                  'place_in_container': '',
                  'type': 'text',
                }),
                dict({
                  'children': list([
                  ]),
                  'place_in_container': '',
                  'type': 'text',
                }),
                dict({
                  'children': list([
                  ]),
                  'place_in_container': '',
                  'type': 'text',
                }),
                dict({
                  'children': list([
                  ]),
                  'place_in_container': '',
                  'type': 'text',
                }),
                dict({
                  'children': list([
                  ]),
                  'place_in_container': '',
                  'type': 'text',
                }),
                dict({
                  'children': list([
                  ]),
                  'place_in_container': '',
                  'type': 'text',
                }),
                dict({
                  'children': list([
                  ]),
                  'place_in_container': '',
                  'type': 'text',
                }),
                dict({
                  'children': list([
                  ]),
                  'place_in_container': '',
                  'type': 'link',
                }),
                dict({
                  'children': list([
                  ]),
                  'place_in_container': '',
                  'type': 'link',
                }),
              ]),
              'place_in_container': '2',
              'type': 'repeat',
            }),
            dict({
              'children': list([
                dict({
                  'children': list([
                  ]),
                  'place_in_container': '',
                  'type': 'heading',
                }),
                dict({
                  'children': list([
                  ]),
                  'place_in_container': '',
                  'type': 'text',
                }),
                dict({
                  'children': list([
                  ]),
                  'place_in_container': '',
                  'type': 'text',
                }),
                dict({
                  'children': list([
                  ]),
                  'place_in_container': '',
                  'type': 'text',
                }),
                dict({
                  'children': list([
                  ]),
                  'place_in_container': '',
                  'type': 'text',
                }),
                dict({
                  'children': list([
                  ]),
                  'place_in_container': '',
                  'type': 'text',
                }),
                dict({
                  'children': list([
                  ]),
                  'place_in_container': '',
                  'type': 'text',
                }),
                dict({
                  'children': list([
                  ]),
                  'place_in_container': '',
                  'type': 'text',
                }),
                dict({
                  'children': list([
                  ]),
                  'place_in_container': '',
                  'type': 'text',
                }),
                dict({
                  'children': list([
                  ]),
                  'place_in_container': '',
                  'type': 'link',
                }),
                dict({
                  'children': list([
                  ]),
                  'place_in_container': '',
                  'type': 'link',
                }),
              ]),
              'place_in_container': '3',
              'type': 'repeat',
            }),
          ]),
          'place_in_container': '',
          'type': 'column',
        }),
      ]),
      'Employee details': list([
        dict({
          'children': list([
            dict({
              'children': list([
              ]),
              'place_in_container': '0',
              'type': 'link',
            }),
            dict({
              'children': list([
              ]),
              'place_in_container': '1',
              'type': 'link',
            }),
            dict({
              'children': list([
              ]),
              'place_in_container': '2',
              'type': 'link',
            }),
            dict({
              'children': list([
              ]),
              'place_in_container': '3',
              'type': 'link',
            }),
          ]),
          'place_in_container': '',
          'type': 'column',
        }),
        dict({
          'children': list([
          ]),
          'place_in_container': '',
          'type': 'heading',
        }),
        dict({
          'children': list([
            dict({
              'children': list([
              ]),
              'place_in_container': '0',
              'type': 'image',
            }),
            dict({
              'children': list([
              ]),
              'place_in_container': '1',
              'type': 'text',
            }),
            dict({
              'children': list([
              ]),
              'place_in_container': '1',
              'type': 'text',
            }),
            dict({
              'children': list([
              ]),
              'place_in_container': '1',
              'type': 'text',
            }),
            dict({
              'children': list([
              ]),
              'place_in_container': '1',
              'type': 'text',
            }),
            dict({
              'children': list([
              ]),
              'place_in_container': '1',
              'type': 'text',
            }),
            dict({
              'children': list([
              ]),
              'place_in_container': '1',
              'type': 'link',
            }),
            dict({
              'children': list([
              ]),
              'place_in_container': '1',
              'type': 'text',
            }),
            dict({
              'children': list([
              ]),
              'place_in_container': '1',
              'type': 'text',
            }),
          ]),
          'place_in_container': '',
          'type': 'column',
        }),
        dict({
          'children': list([
          ]),
          'place_in_container': '',
          'type': 'heading',
        }),
        dict({
          'children': list([
          ]),
          'place_in_container': '',
          'type': 'table',
        }),
      ]),
      'Employees': list([
        dict({
          'children': list([
            dict({
              'children': list([
              ]),
              'place_in_container': '0',
              'type': 'link',
            }),
            dict({
              'children': list([
              ]),
              'place_in_container': '1',
              'type': 'link',
            }),
            dict({
              'children': list([
              ]),
              'place_in_container': '2',
              'type': 'link',
            }),
            dict({
              'children': list([
              ]),
              'place_in_container': '3',
              'type': 'link',
            }),
          ]),
          'place_in_container': '',
          'type': 'column',
        }),
        dict({
          'children': list([
          ]),
          'place_in_container': '',
          'type': 'heading',
        }),
        dict({
          'children': list([
            dict({
              'children': list([
                dict({
                  'children': list([
                  ]),
                  'place_in_container': '0',
                  'type': 'text',
                }),
                dict({
                  'children': list([
                  ]),
                  'place_in_container': '0',
                  'type': 'text',
                }),
                dict({
                  'children': list([
                  ]),
                  'place_in_container': '0',
                  'type': 'image',
                }),
                dict({
                  'children': list([
                  ]),
                  'place_in_container': '0',
                  'type': 'text',
                }),
                dict({
                  'children': list([
                  ]),
                  'place_in_container': '0',
                  'type': 'link',
                }),
                dict({
                  'children': list([
                  ]),
                  'place_in_container': '0',
                  'type': 'text',
                }),
                dict({
                  'children': list([
                  ]),
                  'place_in_container': '0',
                  'type': 'link',
                }),
              ]),
              'place_in_container': '',
              'type': 'column',
            }),
          ]),
          'place_in_container': '',
          'type': 'repeat',
        }),
      ]),
      'Home': list([
        dict({
          'children': list([
            dict({
              'children': list([
              ]),
              'place_in_container': '0',
              'type': 'link',
            }),
            dict({
              'children': list([
              ]),
              'place_in_container': '1',
              'type': 'link',
            }),
            dict({
              'children': list([
              ]),
              'place_in_container': '2',
              'type': 'link',
            }),
            dict({
              'children': list([
              ]),
              'place_in_container': '3',
              'type': 'link',
            }),
          ]),
          'place_in_container': '',
          'type': 'column',
        }),
        dict({
          'children': list([
          ]),
          'place_in_container': '',
          'type': 'heading',
        }),
        dict({
          'children': list([
            dict({
              'children': list([
                dict({
                  'children': list([
                  ]),
                  'place_in_container': '0',
                  'type': 'image',
                }),
              ]),
              'place_in_container': '',
              'type': 'column',
            }),
            dict({
              'children': list([
              ]),
              'place_in_container': '',
              'type': 'link',
            }),
            dict({
              'children': list([
              ]),
              'place_in_container': '',
              'type': 'text',
            }),
            dict({
              'children': list([
              ]),
              'place_in_container': '',
              'type': 'text',
            }),
          ]),
          'place_in_container': '',
          'type': 'repeat',
        }),
        dict({
          'children': list([
          ]),
          'place_in_container': '',
          'type': 'heading',
        }),
        dict({
          'children': list([
          ]),
          'place_in_container': '',
          'type': 'table',
        }),
        dict({
          'children': list([
          ]),
          'place_in_container': '',
          'type': 'heading',
        }),
        dict({
          'children': list([
          ]),
          'place_in_container': '',
          'type': 'table',
        }),
        dict({
          'children': list([
          ]),
          'place_in_container': '',
          'type': 'heading',
        }),
        dict({
          'children': list([
          ]),
          'place_in_container': '',
          'type': 'table',
        }),
      ]),
      'Initiative details': list([
        dict({
          'children': list([
            dict({
              'children': list([
              ]),
              'place_in_container': '0',
              'type': 'link',
            }),
            dict({
              'children': list([
              ]),
              'place_in_container': '1',
              'type': 'link',
            }),
            dict({
              'children': list([
              ]),
              'place_in_container': '2',
              'type': 'link',
            }),
            dict({
              'children': list([
              ]),
              'place_in_container': '3',
              'type': 'link',
            }),
          ]),
          'place_in_container': '',
          'type': 'column',
        }),
        dict({
          'children': list([
          ]),
          'place_in_container': '',
          'type': 'heading',
        }),
        dict({
          'children': list([
          ]),
          'place_in_container': '',
          'type': 'text',
        }),
        dict({
          'children': list([
            dict({
              'children': list([
              ]),
              'place_in_container': '0',
              'type': 'text',
            }),
            dict({
              'children': list([
              ]),
              'place_in_container': '0',
              'type': 'link',
            }),
            dict({
              'children': list([
              ]),
              'place_in_container': '0',
              'type': 'text',
            }),
            dict({
              'children': list([
              ]),
              'place_in_container': '0',
              'type': 'text',
            }),
            dict({
              'children': list([
              ]),
              'place_in_container': '0',
              'type': 'text',
            }),
            dict({
              'children': list([
              ]),
              'place_in_container': '0',
              'type': 'text',
            }),
            dict({
              'children': list([
              ]),
              'place_in_container': '0',
              'type': 'text',
            }),
            dict({
              'children': list([
              ]),
              'place_in_container': '0',
              'type': 'text',
            }),
            dict({
              'children': list([
              ]),
              'place_in_container': '0',
              'type': 'text',
            }),
            dict({
              'children': list([
              ]),
              'place_in_container': '0',
              'type': 'text',
            }),
            dict({
              'children': list([
              ]),
              'place_in_container': '0',
              'type': 'text',
            }),
            dict({
              'children': list([
              ]),
              'place_in_container': '0',
              'type': 'text',
            }),
            dict({
              'children': list([
              ]),
              'place_in_container': '1',
              'type': 'text',
            }),
            dict({
              'children': list([
              ]),
              'place_in_container': '1',
              'type': 'text',
            }),
            dict({
              'children': list([
              ]),
              'place_in_container': '1',
              'type': 'text',
            }),
            dict({
              'children': list([
              ]),
              'place_in_container': '1',
              'type': 'text',
            }),
            dict({
              'children': list([
              ]),
              'place_in_container': '1',
              'type': 'text',
            }),
            dict({
              'children': list([
              ]),
              'place_in_container': '1',
              'type': 'text',
            }),
            dict({
              'children': list([
              ]),
              'place_in_container': '1',
              'type': 'iframe',
            }),
            dict({
              'children': list([
              ]),
              'place_in_container': '1',
              'type': 'text',
            }),
            dict({
              'children': list([
              ]),
              'place_in_container': '1',
              'type': 'text',
            }),
            dict({
              'children': list([
              ]),
              'place_in_container': '1',
              'type': 'iframe',
            }),
          ]),
          'place_in_container': '',
          'type': 'column',
        }),
        dict({
          'children': list([
          ]),
          'place_in_container': '',
          'type': 'heading',
        }),
        dict({
          'children': list([
          ]),
          'place_in_container': '',
          'type': 'table',
        }),
      ]),
      'Initiatives': list([
        dict({
          'children': list([
            dict({
              'children': list([
              ]),
              'place_in_container': '0',
              'type': 'link',
            }),
            dict({
              'children': list([
              ]),
              'place_in_container': '1',
              'type': 'link',
            }),
            dict({
              'children': list([
              ]),
              'place_in_container': '2',
              'type': 'link',
            }),
            dict({
              'children': list([
              ]),
              'place_in_container': '3',
              'type': 'link',
            }),
          ]),
          'place_in_container': '',
          'type': 'column',
        }),
        dict({
          'children': list([
          ]),
          'place_in_container': '',
          'type': 'heading',
        }),
        dict({
          'children': list([
            dict({
              'children': list([
              ]),
              'place_in_container': '0',
              'type': 'heading',
            }),
            dict({
              'children': list([
              ]),
              'place_in_container': '0',
              'type': 'text',
            }),
            dict({
              'children': list([
              ]),
              'place_in_container': '1',
              'type': 'heading',
            }),
            dict({
              'children': list([
              ]),
              'place_in_container': '1',
              'type': 'text',
            }),
            dict({
              'children': list([
              ]),
              'place_in_container': '2',
              'type': 'heading',
            }),
            dict({
              'children': list([
              ]),
              'place_in_container': '2',
              'type': 'text',
            }),
            dict({
              'children': list([
              ]),
              'place_in_container': '3',
              'type': 'heading',
            }),
            dict({
              'children': list([
              ]),
              'place_in_container': '3',
              'type': 'text',
            }),
          ]),
          'place_in_container': '',
          'type': 'column',
        }),
        dict({
          'children': list([
            dict({
              'children': list([
                dict({
                  'children': list([
                  ]),
                  'place_in_container': '',
                  'type': 'heading',
                }),
                dict({
                  'children': list([
                  ]),
                  'place_in_container': '',
                  'type': 'text',
                }),
                dict({
                  'children': list([
                  ]),
                  'place_in_container': '',
                  'type': 'text',
                }),
                dict({
                  'children': list([
                  ]),
                  'place_in_container': '',
                  'type': 'text',
                }),
                dict({
                  'children': list([
                  ]),
                  'place_in_container': '',
                  'type': 'text',
                }),
                dict({
                  'children': list([
                  ]),
                  'place_in_container': '',
                  'type': 'text',
                }),
                dict({
                  'children': list([
                  ]),
                  'place_in_container': '',
                  'type': 'text',
                }),
                dict({
                  'children': list([
                  ]),
                  'place_in_container': '',
                  'type': 'text',
                }),
                dict({
                  'children': list([
                  ]),
                  'place_in_container': '',
                  'type': 'text',
                }),
                dict({
                  'children': list([
                  ]),
                  'place_in_container': '',
                  'type': 'text',
                }),
                dict({
                  'children': list([
                  ]),
                  'place_in_container': '',
                  'type': 'text',
                }),
                dict({
                  'children': list([
                  ]),
                  'place_in_container': '',
                  'type': 'link',
                }),
              ]),
              'place_in_container': '0',
              'type': 'repeat',
            }),
            dict({
              'children': list([
                dict({
                  'children': list([
                  ]),
                  'place_in_container': '',
                  'type': 'heading',
                }),
                dict({
                  'children': list([
                  ]),
                  'place_in_container': '',
                  'type': 'text',
                }),
                dict({
                  'children': list([
                  ]),
                  'place_in_container': '',
                  'type': 'text',
                }),
                dict({
                  'children': list([
                  ]),
                  'place_in_container': '',
                  'type': 'text',
                }),
                dict({
                  'children': list([
                  ]),
                  'place_in_container': '',
                  'type': 'text',
                }),
                dict({
                  'children': list([
                  ]),
                  'place_in_container': '',
                  'type': 'text',
                }),
                dict({
                  'children': list([
                  ]),
                  'place_in_container': '',
                  'type': 'text',
                }),
                dict({
                  'children': list([
                  ]),
                  'place_in_container': '',
                  'type': 'text',
                }),
                dict({
                  'children': list([
                  ]),
                  'place_in_container': '',
                  'type': 'text',
                }),
                dict({
                  'children': list([
                  ]),
                  'place_in_container': '',
                  'type': 'text',
                }),
                dict({
                  'children': list([
                  ]),
                  'place_in_container': '',
                  'type': 'text',
                }),
                dict({
                  'children': list([
                  ]),
                  'place_in_container': '',
                  'type': 'link',
                }),
              ]),
              'place_in_container': '1',
              'type': 'repeat',
            }),
            dict({
              'children': list([
                dict({
                  'children': list([
                  ]),
                  'place_in_container': '',
                  'type': 'heading',
                }),
                dict({
                  'children': list([
                  ]),
                  'place_in_container': '',
                  'type': 'text',
                }),
                dict({
                  'children': list([
                  ]),
                  'place_in_container': '',
                  'type': 'text',
                }),
                dict({
                  'children': list([
                  ]),
                  'place_in_container': '',
                  'type': 'text',
                }),
                dict({
                  'children': list([
                  ]),
                  'place_in_container': '',
                  'type': 'text',
                }),
                dict({
                  'children': list([
                  ]),
                  'place_in_container': '',
                  'type': 'text',
                }),
                dict({
                  'children': list([
                  ]),
                  'place_in_container': '',
                  'type': 'text',
                }),
                dict({
                  'children': list([
                  ]),
                  'place_in_container': '',
                  'type': 'text',
                }),
                dict({
                  'children': list([
                  ]),
                  'place_in_container': '',
                  'type': 'text',
                }),
                dict({
                  'children': list([
                  ]),
                  'place_in_container': '',
                  'type': 'text',
                }),
                dict({
                  'children': list([
                  ]),
                  'place_in_container': '',
                  'type': 'text',
                }),
                dict({
                  'children': list([
                  ]),
                  'place_in_container': '',
                  'type': 'link',
                }),
              ]),
              'place_in_container': '3',
              'type': 'repeat',
            }),
            dict({
              'children': list([
                dict({
                  'children': list([
                  ]),
                  'place_in_container': '',
                  'type': 'heading',
                }),
                dict({
                  'children': list([
                  ]),
                  'place_in_container': '',
                  'type': 'text',
                }),
                dict({
                  'children': list([
                  ]),
                  'place_in_container': '',
                  'type': 'text',
                }),
                dict({
                  'children': list([
                  ]),
                  'place_in_container': '',
                  'type': 'text',
                }),
                dict({
                  'children': list([
                  ]),
                  'place_in_container': '',
                  'type': 'text',
                }),
                dict({
                  'children': list([
                  ]),
                  'place_in_container': '',
                  'type': 'text',
                }),
                dict({
                  'children': list([
                  ]),
                  'place_in_container': '',
                  'type': 'text',
                }),
                dict({
                  'children': list([
                  ]),
                  'place_in_container': '',
                  'type': 'text',
                }),
                dict({
                  'children': list([
                  ]),
                  'place_in_container': '',
                  'type': 'text',
                }),
                dict({
                  'children': list([
                  ]),
                  'place_in_container': '',
                  'type': 'text',
                }),
                dict({
                  'children': list([
                  ]),
                  'place_in_container': '',
                  'type': 'text',
                }),
                dict({
                  'children': list([
                  ]),
                  'place_in_container': '',
                  'type': 'link',
                }),
              ]),
              'place_in_container': '2',
              'type': 'repeat',
            }),
          ]),
          'place_in_container': '',
          'type': 'column',
        }),
      ]),
      'Login': list([
        dict({
          'children': list([
          ]),
          'place_in_container': '',
          'type': 'image',
        }),
        dict({
          'children': list([
          ]),
          'place_in_container': '',
          'type': 'heading',
        }),
        dict({
          'children': list([
          ]),
          'place_in_container': '',
          'type': 'auth_form',
        }),
      ]),
      'Target details': list([
        dict({
          'children': list([
            dict({
              'children': list([
              ]),
              'place_in_container': '0',
              'type': 'link',
            }),
            dict({
              'children': list([
              ]),
              'place_in_container': '1',
              'type': 'link',
            }),
            dict({
              'children': list([
              ]),
              'place_in_container': '2',
              'type': 'link',
            }),
            dict({
              'children': list([
              ]),
              'place_in_container': '3',
              'type': 'link',
            }),
          ]),
          'place_in_container': '',
          'type': 'column',
        }),
        dict({
          'children': list([
          ]),
          'place_in_container': '',
          'type': 'heading',
        }),
        dict({
          'children': list([
            dict({
              'children': list([
              ]),
              'place_in_container': '0',
              'type': 'image',
            }),
            dict({
              'children': list([
              ]),
              'place_in_container': '1',
              'type': 'text',
            }),
            dict({
              'children': list([
              ]),
              'place_in_container': '1',
              'type': 'text',
            }),
            dict({
              'children': list([
              ]),
              'place_in_container': '1',
              'type': 'text',
            }),
            dict({
              'children': list([
              ]),
              'place_in_container': '1',
              'type': 'text',
            }),
            dict({
              'children': list([
              ]),
              'place_in_container': '1',
              'type': 'text',
            }),
            dict({
              'children': list([
              ]),
              'place_in_container': '1',
              'type': 'text',
            }),
            dict({
              'children': list([
              ]),
              'place_in_container': '1',
              'type': 'text',
            }),
            dict({
              'children': list([
              ]),
              'place_in_container': '1',
              'type': 'text',
            }),
            dict({
              'children': list([
              ]),
              'place_in_container': '2',
              'type': 'text',
            }),
            dict({
              'children': list([
              ]),
              'place_in_container': '2',
              'type': 'text',
            }),
            dict({
              'children': list([
              ]),
              'place_in_container': '2',
              'type': 'iframe',
            }),
            dict({
              'children': list([
              ]),
              'place_in_container': '2',
              'type': 'text',
            }),
            dict({
              'children': list([
              ]),
              'place_in_container': '2',
              'type': 'text',
            }),
            dict({
              'children': list([
              ]),
              'place_in_container': '2',
              'type': 'iframe',
            }),
          ]),
          'place_in_container': '',
          'type': 'column',
        }),
        dict({
          'children': list([
          ]),
          'place_in_container': '',
          'type': 'text',
        }),
        dict({
          'children': list([
          ]),
          'place_in_container': '',
          'type': 'heading',
        }),
        dict({
          'children': list([
          ]),
          'place_in_container': '',
          'type': 'table',
        }),
      ]),
      '__shared__': list([
        dict({
          'children': list([
            dict({
              'children': list([
              ]),
              'place_in_container': '',
              'type': 'image',
            }),
            dict({
              'children': list([
                dict({
                  'children': list([
                  ]),
                  'place_in_container': '1',
                  'type': 'button',
                }),
                dict({
                  'children': list([
                  ]),
                  'place_in_container': '0',
                  'type': 'text',
                }),
              ]),
              'place_in_container': '',
              'type': 'column',
            }),
          ]),
          'place_in_container': '',
          'type': 'header',
        }),
      ]),
    }),
  })
# ---
