# serializer version: 1
# name: test_template_snapshot[event-planning]
  dict({
    'builder': dict({
      'Event details': list([
        dict({
          'children': list([
          ]),
          'place_in_container': '',
          'type': 'button',
        }),
        dict({
          'children': list([
          ]),
          'place_in_container': '',
          'type': 'heading',
        }),
        dict({
          'children': list([
            dict({
              'children': list([
              ]),
              'place_in_container': '',
              'type': 'heading',
            }),
            dict({
              'children': list([
              ]),
              'place_in_container': '',
              'type': 'text',
            }),
            dict({
              'children': list([
              ]),
              'place_in_container': '',
              'type': 'text',
            }),
            dict({
              'children': list([
              ]),
              'place_in_container': '',
              'type': 'text',
            }),
          ]),
          'place_in_container': '',
          'type': 'repeat',
        }),
      ]),
      'Event details (no registration)': list([
        dict({
          'children': list([
          ]),
          'place_in_container': '',
          'type': 'heading',
        }),
        dict({
          'children': list([
            dict({
              'children': list([
              ]),
              'place_in_container': '',
              'type': 'heading',
            }),
            dict({
              'children': list([
              ]),
              'place_in_container': '',
              'type': 'text',
            }),
            dict({
              'children': list([
              ]),
              'place_in_container': '',
              'type': 'text',
            }),
            dict({
              'children': list([
              ]),
              'place_in_container': '',
              'type': 'text',
            }),
          ]),
          'place_in_container': '',
          'type': 'repeat',
        }),
      ]),
      'Homepage': list([
        dict({
          'children': list([
          ]),
          'place_in_container': '',
          'type': 'heading',
        }),
        dict({
          'children': list([
          ]),
          'place_in_container': '',
          'type': 'table',
        }),
        dict({
          'children': list([
          ]),
          'place_in_container': '',
          'type': 'heading',
        }),
        dict({
          'children': list([
          ]),
          'place_in_container': '',
          'type': 'table',
        }),
      ]),
      'Profile': list([
        dict({
          'children': list([
          ]),
          'place_in_container': '',
          'type': 'heading',
        }),
        dict({
          'children': list([
          ]),
          'place_in_container': '',
          'type': 'link',
        }),
        dict({
          'children': list([
            dict({
              'children': list([
              ]),
              'place_in_container': '',
              'type': 'input_text',
            }),
            dict({
              'children': list([
              ]),
              'place_in_container': '',
              'type': 'input_text',
            }),
            dict({
              'children': list([
              ]),
              'place_in_container': '',
              'type': 'input_text',
            }),
          ]),
          'place_in_container': '',
          'type': 'form_container',
        }),
      ]),
      'Sign in': list([
        dict({
          'children': list([
          ]),
          'place_in_container': '',
          'type': 'image',
        }),
        dict({
          'children': list([
          ]),
          'place_in_container': '',
          'type': 'heading',
        }),
        dict({
          'children': list([
          ]),
          'place_in_container': '',
          'type': 'auth_form',
        }),
        dict({
          'children': list([
          ]),
          'place_in_container': '',
          'type': 'link',
        }),
      ]),
      'Sign up': list([
        dict({
          'children': list([
          ]),
          'place_in_container': '',
          'type': 'image',
        }),
        dict({
          'children': list([
          ]),
          'place_in_container': '',
          'type': 'heading',
        }),
        dict({
          'children': list([
          ]),
          'place_in_container': '',
          'type': 'link',
        }),
        dict({
          'children': list([
            dict({
              'children': list([
              ]),
              'place_in_container': '',
              'type': 'input_text',
            }),
            dict({
              'children': list([
              ]),
              'place_in_container': '',
              'type': 'input_text',
            }),
            dict({
              'children': list([
              ]),
              'place_in_container': '',
              'type': 'input_text',
            }),
            dict({
              'children': list([
              ]),
              'place_in_container': '',
              'type': 'input_text',
            }),
            dict({
              'children': list([
              ]),
              'place_in_container': '',
              'type': 'input_text',
            }),
          ]),
          'place_in_container': '',
          'type': 'form_container',
        }),
      ]),
      '__shared__': list([
        dict({
          'children': list([
            dict({
              'children': list([
              ]),
              'place_in_container': '',
              'type': 'image',
            }),
            dict({
              'children': list([
                dict({
                  'children': list([
                  ]),
                  'place_in_container': '0',
                  'type': 'text',
                }),
                dict({
                  'children': list([
                  ]),
                  'place_in_container': '1',
                  'type': 'button',
                }),
              ]),
              'place_in_container': '',
              'type': 'column',
            }),
          ]),
          'place_in_container': '',
          'type': 'header',
        }),
      ]),
    }),
  })
# ---
