# serializer version: 1
# name: test_template_snapshot[intake-qualification]
  dict({
    'builder': dict({
      'Dashboard': list([
        dict({
          'children': list([
            dict({
              'children': list([
                dict({
                  'children': list([
                  ]),
                  'place_in_container': '0',
                  'type': 'heading',
                }),
              ]),
              'place_in_container': '',
              'type': 'column',
            }),
            dict({
              'children': list([
              ]),
              'place_in_container': '',
              'type': 'table',
            }),
          ]),
          'place_in_container': '',
          'type': 'simple_container',
        }),
        dict({
          'children': list([
            dict({
              'children': list([
                dict({
                  'children': list([
                  ]),
                  'place_in_container': '0',
                  'type': 'heading',
                }),
              ]),
              'place_in_container': '',
              'type': 'column',
            }),
            dict({
              'children': list([
              ]),
              'place_in_container': '',
              'type': 'table',
            }),
          ]),
          'place_in_container': '',
          'type': 'simple_container',
        }),
        dict({
          'children': list([
            dict({
              'children': list([
                dict({
                  'children': list([
                  ]),
                  'place_in_container': '0',
                  'type': 'heading',
                }),
              ]),
              'place_in_container': '',
              'type': 'column',
            }),
            dict({
              'children': list([
              ]),
              'place_in_container': '',
              'type': 'table',
            }),
          ]),
          'place_in_container': '',
          'type': 'simple_container',
        }),
        dict({
          'children': list([
            dict({
              'children': list([
                dict({
                  'children': list([
                  ]),
                  'place_in_container': '0',
                  'type': 'heading',
                }),
              ]),
              'place_in_container': '',
              'type': 'column',
            }),
            dict({
              'children': list([
              ]),
              'place_in_container': '',
              'type': 'table',
            }),
          ]),
          'place_in_container': '',
          'type': 'simple_container',
        }),
      ]),
      'Team Login': list([
        dict({
          'children': list([
            dict({
              'children': list([
              ]),
              'place_in_container': '',
              'type': 'heading',
            }),
            dict({
              'children': list([
              ]),
              'place_in_container': '',
              'type': 'heading',
            }),
            dict({
              'children': list([
              ]),
              'place_in_container': '',
              'type': 'heading',
            }),
            dict({
              'children': list([
              ]),
              'place_in_container': '',
              'type': 'auth_form',
            }),
          ]),
          'place_in_container': '',
          'type': 'simple_container',
        }),
      ]),
      'Update Campaign': list([
        dict({
          'children': list([
          ]),
          'place_in_container': '',
          'type': 'heading',
        }),
        dict({
          'children': list([
          ]),
          'place_in_container': '',
          'type': 'heading',
        }),
        dict({
          'children': list([
            dict({
              'children': list([
                dict({
                  'children': list([
                  ]),
                  'place_in_container': '',
                  'type': 'record_selector',
                }),
              ]),
              'place_in_container': '',
              'type': 'form_container',
            }),
          ]),
          'place_in_container': '',
          'type': 'simple_container',
        }),
        dict({
          'children': list([
            dict({
              'children': list([
              ]),
              'place_in_container': '',
              'type': 'text',
            }),
          ]),
          'place_in_container': '',
          'type': 'simple_container',
        }),
        dict({
          'children': list([
            dict({
              'children': list([
                dict({
                  'children': list([
                  ]),
                  'place_in_container': '',
                  'type': 'heading',
                }),
                dict({
                  'children': list([
                  ]),
                  'place_in_container': '',
                  'type': 'text',
                }),
                dict({
                  'children': list([
                  ]),
                  'place_in_container': '',
                  'type': 'text',
                }),
                dict({
                  'children': list([
                  ]),
                  'place_in_container': '',
                  'type': 'datetime_picker',
                }),
                dict({
                  'children': list([
                  ]),
                  'place_in_container': '',
                  'type': 'datetime_picker',
                }),
                dict({
                  'children': list([
                  ]),
                  'place_in_container': '',
                  'type': 'choice',
                }),
                dict({
                  'children': list([
                  ]),
                  'place_in_container': '',
                  'type': 'input_file',
                }),
              ]),
              'place_in_container': '',
              'type': 'form_container',
            }),
          ]),
          'place_in_container': '',
          'type': 'simple_container',
        }),
      ]),
      'Update Log': list([
        dict({
          'children': list([
          ]),
          'place_in_container': '',
          'type': 'heading',
        }),
        dict({
          'children': list([
          ]),
          'place_in_container': '',
          'type': 'heading',
        }),
        dict({
          'children': list([
            dict({
              'children': list([
                dict({
                  'children': list([
                  ]),
                  'place_in_container': '',
                  'type': 'record_selector',
                }),
              ]),
              'place_in_container': '',
              'type': 'form_container',
            }),
          ]),
          'place_in_container': '',
          'type': 'simple_container',
        }),
        dict({
          'children': list([
            dict({
              'children': list([
              ]),
              'place_in_container': '',
              'type': 'text',
            }),
          ]),
          'place_in_container': '',
          'type': 'simple_container',
        }),
        dict({
          'children': list([
            dict({
              'children': list([
                dict({
                  'children': list([
                  ]),
                  'place_in_container': '',
                  'type': 'heading',
                }),
                dict({
                  'children': list([
                  ]),
                  'place_in_container': '',
                  'type': 'text',
                }),
                dict({
                  'children': list([
                  ]),
                  'place_in_container': '',
                  'type': 'text',
                }),
                dict({
                  'children': list([
                  ]),
                  'place_in_container': '',
                  'type': 'input_text',
                }),
                dict({
                  'children': list([
                  ]),
                  'place_in_container': '',
                  'type': 'choice',
                }),
              ]),
              'place_in_container': '',
              'type': 'form_container',
            }),
          ]),
          'place_in_container': '',
          'type': 'simple_container',
        }),
      ]),
      'Update Service': list([
        dict({
          'children': list([
          ]),
          'place_in_container': '',
          'type': 'heading',
        }),
        dict({
          'children': list([
          ]),
          'place_in_container': '',
          'type': 'heading',
        }),
        dict({
          'children': list([
            dict({
              'children': list([
                dict({
                  'children': list([
                  ]),
                  'place_in_container': '',
                  'type': 'record_selector',
                }),
              ]),
              'place_in_container': '',
              'type': 'form_container',
            }),
          ]),
          'place_in_container': '',
          'type': 'simple_container',
        }),
        dict({
          'children': list([
            dict({
              'children': list([
              ]),
              'place_in_container': '',
              'type': 'text',
            }),
          ]),
          'place_in_container': '',
          'type': 'simple_container',
        }),
        dict({
          'children': list([
            dict({
              'children': list([
                dict({
                  'children': list([
                  ]),
                  'place_in_container': '',
                  'type': 'heading',
                }),
                dict({
                  'children': list([
                  ]),
                  'place_in_container': '',
                  'type': 'text',
                }),
                dict({
                  'children': list([
                  ]),
                  'place_in_container': '',
                  'type': 'text',
                }),
                dict({
                  'children': list([
                  ]),
                  'place_in_container': '',
                  'type': 'input_text',
                }),
                dict({
                  'children': list([
                  ]),
                  'place_in_container': '',
                  'type': 'input_text',
                }),
                dict({
                  'children': list([
                  ]),
                  'place_in_container': '',
                  'type': 'checkbox',
                }),
              ]),
              'place_in_container': '',
              'type': 'form_container',
            }),
          ]),
          'place_in_container': '',
          'type': 'simple_container',
        }),
      ]),
      '__shared__': list([
        dict({
          'children': list([
            dict({
              'children': list([
              ]),
              'place_in_container': '',
              'type': 'image',
            }),
            dict({
              'children': list([
              ]),
              'place_in_container': '',
              'type': 'menu',
            }),
            dict({
              'children': list([
              ]),
              'place_in_container': '',
              'type': 'text',
            }),
          ]),
          'place_in_container': '',
          'type': 'header',
        }),
      ]),
    }),
  })
# ---
