# serializer version: 1
# name: test_template_snapshot[lead-management]
  dict({
    'builder': dict({
      'Account manager details': list([
        dict({
          'children': list([
          ]),
          'place_in_container': '',
          'type': 'heading',
        }),
        dict({
          'children': list([
            dict({
              'children': list([
              ]),
              'place_in_container': '1',
              'type': 'image',
            }),
            dict({
              'children': list([
              ]),
              'place_in_container': '0',
              'type': 'text',
            }),
            dict({
              'children': list([
              ]),
              'place_in_container': '0',
              'type': 'link',
            }),
            dict({
              'children': list([
              ]),
              'place_in_container': '0',
              'type': 'text',
            }),
            dict({
              'children': list([
              ]),
              'place_in_container': '0',
              'type': 'text',
            }),
            dict({
              'children': list([
              ]),
              'place_in_container': '0',
              'type': 'text',
            }),
            dict({
              'children': list([
              ]),
              'place_in_container': '0',
              'type': 'text',
            }),
          ]),
          'place_in_container': '',
          'type': 'column',
        }),
        dict({
          'children': list([
          ]),
          'place_in_container': '',
          'type': 'heading',
        }),
        dict({
          'children': list([
          ]),
          'place_in_container': '',
          'type': 'table',
        }),
      ]),
      'Lead details': list([
        dict({
          'children': list([
          ]),
          'place_in_container': '',
          'type': 'heading',
        }),
        dict({
          'children': list([
            dict({
              'children': list([
              ]),
              'place_in_container': '0',
              'type': 'text',
            }),
            dict({
              'children': list([
              ]),
              'place_in_container': '0',
              'type': 'link',
            }),
            dict({
              'children': list([
              ]),
              'place_in_container': '0',
              'type': 'text',
            }),
            dict({
              'children': list([
              ]),
              'place_in_container': '0',
              'type': 'text',
            }),
            dict({
              'children': list([
              ]),
              'place_in_container': '0',
              'type': 'text',
            }),
            dict({
              'children': list([
              ]),
              'place_in_container': '0',
              'type': 'text',
            }),
            dict({
              'children': list([
              ]),
              'place_in_container': '0',
              'type': 'text',
            }),
            dict({
              'children': list([
              ]),
              'place_in_container': '0',
              'type': 'text',
            }),
            dict({
              'children': list([
              ]),
              'place_in_container': '0',
              'type': 'text',
            }),
            dict({
              'children': list([
              ]),
              'place_in_container': '0',
              'type': 'link',
            }),
            dict({
              'children': list([
              ]),
              'place_in_container': '1',
              'type': 'text',
            }),
            dict({
              'children': list([
              ]),
              'place_in_container': '1',
              'type': 'link',
            }),
            dict({
              'children': list([
              ]),
              'place_in_container': '1',
              'type': 'text',
            }),
            dict({
              'children': list([
              ]),
              'place_in_container': '1',
              'type': 'text',
            }),
            dict({
              'children': list([
              ]),
              'place_in_container': '1',
              'type': 'text',
            }),
            dict({
              'children': list([
              ]),
              'place_in_container': '1',
              'type': 'text',
            }),
            dict({
              'children': list([
              ]),
              'place_in_container': '1',
              'type': 'text',
            }),
            dict({
              'children': list([
              ]),
              'place_in_container': '1',
              'type': 'text',
            }),
          ]),
          'place_in_container': '',
          'type': 'column',
        }),
        dict({
          'children': list([
          ]),
          'place_in_container': '',
          'type': 'heading',
        }),
        dict({
          'children': list([
          ]),
          'place_in_container': '',
          'type': 'table',
        }),
        dict({
          'children': list([
          ]),
          'place_in_container': '',
          'type': 'heading',
        }),
        dict({
          'children': list([
            dict({
              'children': list([
              ]),
              'place_in_container': '1',
              'type': 'table',
            }),
            dict({
              'children': list([
                dict({
                  'children': list([
                  ]),
                  'place_in_container': '',
                  'type': 'datetime_picker',
                }),
                dict({
                  'children': list([
                  ]),
                  'place_in_container': '',
                  'type': 'choice',
                }),
                dict({
                  'children': list([
                  ]),
                  'place_in_container': '',
                  'type': 'choice',
                }),
                dict({
                  'children': list([
                  ]),
                  'place_in_container': '',
                  'type': 'input_text',
                }),
              ]),
              'place_in_container': '0',
              'type': 'form_container',
            }),
          ]),
          'place_in_container': '',
          'type': 'column',
        }),
      ]),
      'Leads': list([
        dict({
          'children': list([
          ]),
          'place_in_container': '',
          'type': 'heading',
        }),
        dict({
          'children': list([
          ]),
          'place_in_container': '',
          'type': 'table',
        }),
      ]),
      'Leads by account manager': list([
        dict({
          'children': list([
          ]),
          'place_in_container': '',
          'type': 'heading',
        }),
        dict({
          'children': list([
            dict({
              'children': list([
                dict({
                  'children': list([
                  ]),
                  'place_in_container': '',
                  'type': 'heading',
                }),
                dict({
                  'children': list([
                    dict({
                      'children': list([
                      ]),
                      'place_in_container': '',
                      'type': 'link',
                    }),
                  ]),
                  'place_in_container': '',
                  'type': 'repeat',
                }),
              ]),
              'place_in_container': '',
              'type': 'simple_container',
            }),
          ]),
          'place_in_container': '',
          'type': 'repeat',
        }),
      ]),
      'Leads by source': list([
        dict({
          'children': list([
          ]),
          'place_in_container': '',
          'type': 'heading',
        }),
        dict({
          'children': list([
            dict({
              'children': list([
                dict({
                  'children': list([
                  ]),
                  'place_in_container': '',
                  'type': 'heading',
                }),
                dict({
                  'children': list([
                    dict({
                      'children': list([
                      ]),
                      'place_in_container': '',
                      'type': 'link',
                    }),
                  ]),
                  'place_in_container': '',
                  'type': 'repeat',
                }),
              ]),
              'place_in_container': '',
              'type': 'simple_container',
            }),
          ]),
          'place_in_container': '',
          'type': 'repeat',
        }),
      ]),
      'Login': list([
        dict({
          'children': list([
          ]),
          'place_in_container': '',
          'type': 'heading',
        }),
        dict({
          'children': list([
          ]),
          'place_in_container': '',
          'type': 'auth_form',
        }),
      ]),
      'Source details': list([
        dict({
          'children': list([
          ]),
          'place_in_container': '',
          'type': 'heading',
        }),
        dict({
          'children': list([
          ]),
          'place_in_container': '',
          'type': 'table',
        }),
      ]),
      'Target group details': list([
        dict({
          'children': list([
          ]),
          'place_in_container': '',
          'type': 'heading',
        }),
        dict({
          'children': list([
          ]),
          'place_in_container': '',
          'type': 'text',
        }),
        dict({
          'children': list([
          ]),
          'place_in_container': '',
          'type': 'heading',
        }),
        dict({
          'children': list([
          ]),
          'place_in_container': '',
          'type': 'table',
        }),
        dict({
          'children': list([
          ]),
          'place_in_container': '',
          'type': 'heading',
        }),
        dict({
          'children': list([
          ]),
          'place_in_container': '',
          'type': 'table',
        }),
      ]),
      '__shared__': list([
        dict({
          'children': list([
            dict({
              'children': list([
              ]),
              'place_in_container': '',
              'type': 'image',
            }),
            dict({
              'children': list([
              ]),
              'place_in_container': '',
              'type': 'text',
            }),
            dict({
              'children': list([
              ]),
              'place_in_container': '',
              'type': 'menu',
            }),
          ]),
          'place_in_container': '',
          'type': 'header',
        }),
      ]),
    }),
  })
# ---
