# serializer version: 1
# name: test_template_snapshot[sqcdp]
  dict({
    'builder': dict({
      'Page': list([
        dict({
          'children': list([
            dict({
              'children': list([
                dict({
                  'children': list([
                  ]),
                  'place_in_container': '0',
                  'type': 'heading',
                }),
                dict({
                  'children': list([
                  ]),
                  'place_in_container': '0',
                  'type': 'heading',
                }),
              ]),
              'place_in_container': '',
              'type': 'column',
            }),
          ]),
          'place_in_container': '',
          'type': 'repeat',
        }),
        dict({
          'children': list([
            dict({
              'children': list([
                dict({
                  'children': list([
                  ]),
                  'place_in_container': '',
                  'type': 'heading',
                }),
                dict({
                  'children': list([
                  ]),
                  'place_in_container': '',
                  'type': 'heading',
                }),
                dict({
                  'children': list([
                  ]),
                  'place_in_container': '',
                  'type': 'text',
                }),
                dict({
                  'children': list([
                  ]),
                  'place_in_container': '',
                  'type': 'text',
                }),
                dict({
                  'children': list([
                  ]),
                  'place_in_container': '',
                  'type': 'text',
                }),
                dict({
                  'children': list([
                  ]),
                  'place_in_container': '',
                  'type': 'text',
                }),
                dict({
                  'children': list([
                  ]),
                  'place_in_container': '',
                  'type': 'text',
                }),
                dict({
                  'children': list([
                  ]),
                  'place_in_container': '',
                  'type': 'text',
                }),
              ]),
              'place_in_container': '0',
              'type': 'repeat',
            }),
            dict({
              'children': list([
                dict({
                  'children': list([
                  ]),
                  'place_in_container': '',
                  'type': 'heading',
                }),
                dict({
                  'children': list([
                  ]),
                  'place_in_container': '',
                  'type': 'heading',
                }),
                dict({
                  'children': list([
                  ]),
                  'place_in_container': '',
                  'type': 'text',
                }),
                dict({
                  'children': list([
                  ]),
                  'place_in_container': '',
                  'type': 'text',
                }),
                dict({
                  'children': list([
                  ]),
                  'place_in_container': '',
                  'type': 'text',
                }),
                dict({
                  'children': list([
                  ]),
                  'place_in_container': '',
                  'type': 'text',
                }),
                dict({
                  'children': list([
                  ]),
                  'place_in_container': '',
                  'type': 'text',
                }),
                dict({
                  'children': list([
                  ]),
                  'place_in_container': '',
                  'type': 'text',
                }),
              ]),
              'place_in_container': '1',
              'type': 'repeat',
            }),
            dict({
              'children': list([
                dict({
                  'children': list([
                  ]),
                  'place_in_container': '',
                  'type': 'heading',
                }),
                dict({
                  'children': list([
                  ]),
                  'place_in_container': '',
                  'type': 'heading',
                }),
                dict({
                  'children': list([
                  ]),
                  'place_in_container': '',
                  'type': 'text',
                }),
                dict({
                  'children': list([
                  ]),
                  'place_in_container': '',
                  'type': 'text',
                }),
                dict({
                  'children': list([
                  ]),
                  'place_in_container': '',
                  'type': 'text',
                }),
                dict({
                  'children': list([
                  ]),
                  'place_in_container': '',
                  'type': 'text',
                }),
                dict({
                  'children': list([
                  ]),
                  'place_in_container': '',
                  'type': 'text',
                }),
                dict({
                  'children': list([
                  ]),
                  'place_in_container': '',
                  'type': 'text',
                }),
              ]),
              'place_in_container': '2',
              'type': 'repeat',
            }),
            dict({
              'children': list([
                dict({
                  'children': list([
                  ]),
                  'place_in_container': '',
                  'type': 'heading',
                }),
                dict({
                  'children': list([
                  ]),
                  'place_in_container': '',
                  'type': 'heading',
                }),
                dict({
                  'children': list([
                  ]),
                  'place_in_container': '',
                  'type': 'text',
                }),
                dict({
                  'children': list([
                  ]),
                  'place_in_container': '',
                  'type': 'text',
                }),
                dict({
                  'children': list([
                  ]),
                  'place_in_container': '',
                  'type': 'text',
                }),
                dict({
                  'children': list([
                  ]),
                  'place_in_container': '',
                  'type': 'text',
                }),
                dict({
                  'children': list([
                  ]),
                  'place_in_container': '',
                  'type': 'text',
                }),
                dict({
                  'children': list([
                  ]),
                  'place_in_container': '',
                  'type': 'text',
                }),
              ]),
              'place_in_container': '3',
              'type': 'repeat',
            }),
            dict({
              'children': list([
                dict({
                  'children': list([
                  ]),
                  'place_in_container': '',
                  'type': 'heading',
                }),
                dict({
                  'children': list([
                  ]),
                  'place_in_container': '',
                  'type': 'heading',
                }),
                dict({
                  'children': list([
                  ]),
                  'place_in_container': '',
                  'type': 'text',
                }),
                dict({
                  'children': list([
                  ]),
                  'place_in_container': '',
                  'type': 'text',
                }),
                dict({
                  'children': list([
                  ]),
                  'place_in_container': '',
                  'type': 'text',
                }),
                dict({
                  'children': list([
                  ]),
                  'place_in_container': '',
                  'type': 'text',
                }),
                dict({
                  'children': list([
                  ]),
                  'place_in_container': '',
                  'type': 'text',
                }),
                dict({
                  'children': list([
                  ]),
                  'place_in_container': '',
                  'type': 'text',
                }),
              ]),
              'place_in_container': '4',
              'type': 'repeat',
            }),
          ]),
          'place_in_container': '',
          'type': 'column',
        }),
      ]),
      '__shared__': list([
      ]),
    }),
  })
# ---
