# serializer version: 1
# name: test_template_snapshot[work-management-platform]
  dict({
    'builder': dict({
      'Add milestone': list([
        dict({
          'children': list([
          ]),
          'place_in_container': '',
          'type': 'heading',
        }),
        dict({
          'children': list([
            dict({
              'children': list([
              ]),
              'place_in_container': '0',
              'type': 'heading',
            }),
            dict({
              'children': list([
                dict({
                  'children': list([
                    dict({
                      'children': list([
                      ]),
                      'place_in_container': '',
                      'type': 'link',
                    }),
                    dict({
                      'children': list([
                      ]),
                      'place_in_container': '',
                      'type': 'text',
                    }),
                  ]),
                  'place_in_container': '',
                  'type': 'simple_container',
                }),
              ]),
              'place_in_container': '0',
              'type': 'repeat',
            }),
            dict({
              'children': list([
              ]),
              'place_in_container': '1',
              'type': 'heading',
            }),
            dict({
              'children': list([
                dict({
                  'children': list([
                  ]),
                  'place_in_container': '',
                  'type': 'text',
                }),
                dict({
                  'children': list([
                  ]),
                  'place_in_container': '',
                  'type': 'text',
                }),
                dict({
                  'children': list([
                  ]),
                  'place_in_container': '',
                  'type': 'input_text',
                }),
                dict({
                  'children': list([
                  ]),
                  'place_in_container': '',
                  'type': 'input_text',
                }),
              ]),
              'place_in_container': '1',
              'type': 'form_container',
            }),
          ]),
          'place_in_container': '',
          'type': 'column',
        }),
      ]),
      'Add project': list([
        dict({
          'children': list([
          ]),
          'place_in_container': '',
          'type': 'heading',
        }),
        dict({
          'children': list([
            dict({
              'children': list([
              ]),
              'place_in_container': '',
              'type': 'input_text',
            }),
            dict({
              'children': list([
              ]),
              'place_in_container': '',
              'type': 'input_text',
            }),
            dict({
              'children': list([
              ]),
              'place_in_container': '',
              'type': 'datetime_picker',
            }),
            dict({
              'children': list([
              ]),
              'place_in_container': '',
              'type': 'datetime_picker',
            }),
            dict({
              'children': list([
              ]),
              'place_in_container': '',
              'type': 'record_selector',
            }),
          ]),
          'place_in_container': '',
          'type': 'form_container',
        }),
      ]),
      'Add task': list([
        dict({
          'children': list([
          ]),
          'place_in_container': '',
          'type': 'heading',
        }),
        dict({
          'children': list([
            dict({
              'children': list([
              ]),
              'place_in_container': '0',
              'type': 'heading',
            }),
            dict({
              'children': list([
                dict({
                  'children': list([
                    dict({
                      'children': list([
                      ]),
                      'place_in_container': '',
                      'type': 'link',
                    }),
                    dict({
                      'children': list([
                      ]),
                      'place_in_container': '',
                      'type': 'text',
                    }),
                  ]),
                  'place_in_container': '',
                  'type': 'simple_container',
                }),
              ]),
              'place_in_container': '0',
              'type': 'repeat',
            }),
            dict({
              'children': list([
              ]),
              'place_in_container': '1',
              'type': 'heading',
            }),
            dict({
              'children': list([
                dict({
                  'children': list([
                    dict({
                      'children': list([
                      ]),
                      'place_in_container': '',
                      'type': 'link',
                    }),
                    dict({
                      'children': list([
                      ]),
                      'place_in_container': '',
                      'type': 'text',
                    }),
                  ]),
                  'place_in_container': '',
                  'type': 'simple_container',
                }),
              ]),
              'place_in_container': '1',
              'type': 'repeat',
            }),
            dict({
              'children': list([
              ]),
              'place_in_container': '2',
              'type': 'heading',
            }),
            dict({
              'children': list([
                dict({
                  'children': list([
                  ]),
                  'place_in_container': '',
                  'type': 'text',
                }),
                dict({
                  'children': list([
                  ]),
                  'place_in_container': '',
                  'type': 'text',
                }),
                dict({
                  'children': list([
                  ]),
                  'place_in_container': '',
                  'type': 'text',
                }),
                dict({
                  'children': list([
                  ]),
                  'place_in_container': '',
                  'type': 'text',
                }),
                dict({
                  'children': list([
                  ]),
                  'place_in_container': '',
                  'type': 'input_text',
                }),
                dict({
                  'children': list([
                  ]),
                  'place_in_container': '',
                  'type': 'input_text',
                }),
                dict({
                  'children': list([
                  ]),
                  'place_in_container': '',
                  'type': 'choice',
                }),
                dict({
                  'children': list([
                  ]),
                  'place_in_container': '',
                  'type': 'datetime_picker',
                }),
                dict({
                  'children': list([
                  ]),
                  'place_in_container': '',
                  'type': 'datetime_picker',
                }),
                dict({
                  'children': list([
                  ]),
                  'place_in_container': '',
                  'type': 'input_text',
                }),
                dict({
                  'children': list([
                  ]),
                  'place_in_container': '',
                  'type': 'record_selector',
                }),
                dict({
                  'children': list([
                  ]),
                  'place_in_container': '',
                  'type': 'record_selector',
                }),
              ]),
              'place_in_container': '2',
              'type': 'form_container',
            }),
          ]),
          'place_in_container': '',
          'type': 'column',
        }),
      ]),
      'Home': list([
        dict({
          'children': list([
            dict({
              'children': list([
              ]),
              'place_in_container': '0',
              'type': 'link',
            }),
            dict({
              'children': list([
              ]),
              'place_in_container': '0',
              'type': 'text',
            }),
            dict({
              'children': list([
              ]),
              'place_in_container': '1',
              'type': 'button',
            }),
          ]),
          'place_in_container': '',
          'type': 'column',
        }),
        dict({
          'children': list([
          ]),
          'place_in_container': '',
          'type': 'link',
        }),
        dict({
          'children': list([
            dict({
              'children': list([
              ]),
              'place_in_container': '0',
              'type': 'heading',
            }),
            dict({
              'children': list([
                dict({
                  'children': list([
                  ]),
                  'place_in_container': '',
                  'type': 'table',
                }),
              ]),
              'place_in_container': '0',
              'type': 'simple_container',
            }),
            dict({
              'children': list([
              ]),
              'place_in_container': '1',
              'type': 'heading',
            }),
            dict({
              'children': list([
                dict({
                  'children': list([
                  ]),
                  'place_in_container': '',
                  'type': 'table',
                }),
              ]),
              'place_in_container': '1',
              'type': 'simple_container',
            }),
          ]),
          'place_in_container': '',
          'type': 'column',
        }),
        dict({
          'children': list([
            dict({
              'children': list([
              ]),
              'place_in_container': '0',
              'type': 'heading',
            }),
            dict({
              'children': list([
                dict({
                  'children': list([
                  ]),
                  'place_in_container': '',
                  'type': 'table',
                }),
              ]),
              'place_in_container': '0',
              'type': 'simple_container',
            }),
            dict({
              'children': list([
              ]),
              'place_in_container': '1',
              'type': 'heading',
            }),
            dict({
              'children': list([
                dict({
                  'children': list([
                    dict({
                      'children': list([
                      ]),
                      'place_in_container': '',
                      'type': 'image',
                    }),
                    dict({
                      'children': list([
                      ]),
                      'place_in_container': '',
                      'type': 'link',
                    }),
                  ]),
                  'place_in_container': '',
                  'type': 'repeat',
                }),
              ]),
              'place_in_container': '1',
              'type': 'simple_container',
            }),
          ]),
          'place_in_container': '',
          'type': 'column',
        }),
      ]),
      'Login': list([
        dict({
          'children': list([
          ]),
          'place_in_container': '',
          'type': 'heading',
        }),
        dict({
          'children': list([
          ]),
          'place_in_container': '',
          'type': 'auth_form',
        }),
      ]),
      'Project details': list([
        dict({
          'children': list([
          ]),
          'place_in_container': '',
          'type': 'heading',
        }),
        dict({
          'children': list([
          ]),
          'place_in_container': '',
          'type': 'menu',
        }),
        dict({
          'children': list([
            dict({
              'children': list([
                dict({
                  'children': list([
                    dict({
                      'children': list([
                      ]),
                      'place_in_container': '',
                      'type': 'heading',
                    }),
                    dict({
                      'children': list([
                      ]),
                      'place_in_container': '',
                      'type': 'text',
                    }),
                    dict({
                      'children': list([
                      ]),
                      'place_in_container': '',
                      'type': 'text',
                    }),
                  ]),
                  'place_in_container': '',
                  'type': 'simple_container',
                }),
                dict({
                  'children': list([
                    dict({
                      'children': list([
                      ]),
                      'place_in_container': '',
                      'type': 'heading',
                    }),
                    dict({
                      'children': list([
                      ]),
                      'place_in_container': '',
                      'type': 'text',
                    }),
                    dict({
                      'children': list([
                      ]),
                      'place_in_container': '',
                      'type': 'text',
                    }),
                  ]),
                  'place_in_container': '',
                  'type': 'simple_container',
                }),
              ]),
              'place_in_container': '2',
              'type': 'simple_container',
            }),
            dict({
              'children': list([
                dict({
                  'children': list([
                    dict({
                      'children': list([
                      ]),
                      'place_in_container': '',
                      'type': 'heading',
                    }),
                    dict({
                      'children': list([
                      ]),
                      'place_in_container': '',
                      'type': 'text',
                    }),
                    dict({
                      'children': list([
                      ]),
                      'place_in_container': '',
                      'type': 'text',
                    }),
                  ]),
                  'place_in_container': '',
                  'type': 'simple_container',
                }),
              ]),
              'place_in_container': '2',
              'type': 'simple_container',
            }),
            dict({
              'children': list([
                dict({
                  'children': list([
                    dict({
                      'children': list([
                      ]),
                      'place_in_container': '',
                      'type': 'heading',
                    }),
                    dict({
                      'children': list([
                      ]),
                      'place_in_container': '',
                      'type': 'text',
                    }),
                    dict({
                      'children': list([
                      ]),
                      'place_in_container': '',
                      'type': 'text',
                    }),
                  ]),
                  'place_in_container': '',
                  'type': 'simple_container',
                }),
              ]),
              'place_in_container': '2',
              'type': 'simple_container',
            }),
            dict({
              'children': list([
                dict({
                  'children': list([
                    dict({
                      'children': list([
                      ]),
                      'place_in_container': '',
                      'type': 'heading',
                    }),
                    dict({
                      'children': list([
                      ]),
                      'place_in_container': '',
                      'type': 'text',
                    }),
                    dict({
                      'children': list([
                      ]),
                      'place_in_container': '',
                      'type': 'text',
                    }),
                  ]),
                  'place_in_container': '',
                  'type': 'simple_container',
                }),
              ]),
              'place_in_container': '2',
              'type': 'simple_container',
            }),
            dict({
              'children': list([
              ]),
              'place_in_container': '1',
              'type': 'text',
            }),
            dict({
              'children': list([
                dict({
                  'children': list([
                  ]),
                  'place_in_container': '',
                  'type': 'link',
                }),
              ]),
              'place_in_container': '1',
              'type': 'repeat',
            }),
            dict({
              'children': list([
                dict({
                  'children': list([
                  ]),
                  'place_in_container': '',
                  'type': 'input_text',
                }),
                dict({
                  'children': list([
                  ]),
                  'place_in_container': '',
                  'type': 'datetime_picker',
                }),
                dict({
                  'children': list([
                  ]),
                  'place_in_container': '',
                  'type': 'datetime_picker',
                }),
                dict({
                  'children': list([
                  ]),
                  'place_in_container': '',
                  'type': 'record_selector',
                }),
              ]),
              'place_in_container': '0',
              'type': 'form_container',
            }),
          ]),
          'place_in_container': '',
          'type': 'column',
        }),
        dict({
          'children': list([
          ]),
          'place_in_container': '',
          'type': 'heading',
        }),
        dict({
          'children': list([
          ]),
          'place_in_container': '',
          'type': 'table',
        }),
      ]),
      'Project files': list([
        dict({
          'children': list([
          ]),
          'place_in_container': '',
          'type': 'heading',
        }),
        dict({
          'children': list([
          ]),
          'place_in_container': '',
          'type': 'menu',
        }),
        dict({
          'children': list([
            dict({
              'children': list([
              ]),
              'place_in_container': '1',
              'type': 'heading',
            }),
            dict({
              'children': list([
              ]),
              'place_in_container': '1',
              'type': 'table',
            }),
            dict({
              'children': list([
              ]),
              'place_in_container': '1',
              'type': 'heading',
            }),
            dict({
              'children': list([
              ]),
              'place_in_container': '1',
              'type': 'table',
            }),
            dict({
              'children': list([
                dict({
                  'children': list([
                  ]),
                  'place_in_container': '',
                  'type': 'input_text',
                }),
                dict({
                  'children': list([
                  ]),
                  'place_in_container': '',
                  'type': 'input_file',
                }),
              ]),
              'place_in_container': '0',
              'type': 'form_container',
            }),
          ]),
          'place_in_container': '',
          'type': 'column',
        }),
      ]),
      'Project milestones': list([
        dict({
          'children': list([
          ]),
          'place_in_container': '',
          'type': 'heading',
        }),
        dict({
          'children': list([
          ]),
          'place_in_container': '',
          'type': 'menu',
        }),
        dict({
          'children': list([
            dict({
              'children': list([
                dict({
                  'children': list([
                    dict({
                      'children': list([
                      ]),
                      'place_in_container': '',
                      'type': 'heading',
                    }),
                    dict({
                      'children': list([
                      ]),
                      'place_in_container': '',
                      'type': 'text',
                    }),
                    dict({
                      'children': list([
                      ]),
                      'place_in_container': '',
                      'type': 'text',
                    }),
                  ]),
                  'place_in_container': '',
                  'type': 'simple_container',
                }),
                dict({
                  'children': list([
                    dict({
                      'children': list([
                      ]),
                      'place_in_container': '',
                      'type': 'heading',
                    }),
                    dict({
                      'children': list([
                      ]),
                      'place_in_container': '',
                      'type': 'text',
                    }),
                    dict({
                      'children': list([
                      ]),
                      'place_in_container': '',
                      'type': 'text',
                    }),
                  ]),
                  'place_in_container': '',
                  'type': 'simple_container',
                }),
              ]),
              'place_in_container': '2',
              'type': 'simple_container',
            }),
            dict({
              'children': list([
                dict({
                  'children': list([
                    dict({
                      'children': list([
                      ]),
                      'place_in_container': '',
                      'type': 'heading',
                    }),
                    dict({
                      'children': list([
                      ]),
                      'place_in_container': '',
                      'type': 'text',
                    }),
                    dict({
                      'children': list([
                      ]),
                      'place_in_container': '',
                      'type': 'text',
                    }),
                  ]),
                  'place_in_container': '',
                  'type': 'simple_container',
                }),
              ]),
              'place_in_container': '2',
              'type': 'simple_container',
            }),
            dict({
              'children': list([
                dict({
                  'children': list([
                    dict({
                      'children': list([
                      ]),
                      'place_in_container': '',
                      'type': 'heading',
                    }),
                    dict({
                      'children': list([
                      ]),
                      'place_in_container': '',
                      'type': 'text',
                    }),
                    dict({
                      'children': list([
                      ]),
                      'place_in_container': '',
                      'type': 'text',
                    }),
                  ]),
                  'place_in_container': '',
                  'type': 'simple_container',
                }),
              ]),
              'place_in_container': '2',
              'type': 'simple_container',
            }),
            dict({
              'children': list([
                dict({
                  'children': list([
                    dict({
                      'children': list([
                      ]),
                      'place_in_container': '',
                      'type': 'heading',
                    }),
                    dict({
                      'children': list([
                      ]),
                      'place_in_container': '',
                      'type': 'text',
                    }),
                    dict({
                      'children': list([
                      ]),
                      'place_in_container': '',
                      'type': 'text',
                    }),
                  ]),
                  'place_in_container': '',
                  'type': 'simple_container',
                }),
              ]),
              'place_in_container': '2',
              'type': 'simple_container',
            }),
            dict({
              'children': list([
              ]),
              'place_in_container': '0',
              'type': 'link',
            }),
            dict({
              'children': list([
                dict({
                  'children': list([
                    dict({
                      'children': list([
                      ]),
                      'place_in_container': '',
                      'type': 'link',
                    }),
                    dict({
                      'children': list([
                      ]),
                      'place_in_container': '',
                      'type': 'text',
                    }),
                  ]),
                  'place_in_container': '',
                  'type': 'simple_container',
                }),
              ]),
              'place_in_container': '0',
              'type': 'repeat',
            }),
            dict({
              'children': list([
                dict({
                  'children': list([
                  ]),
                  'place_in_container': '',
                  'type': 'input_text',
                }),
                dict({
                  'children': list([
                  ]),
                  'place_in_container': '',
                  'type': 'input_text',
                }),
                dict({
                  'children': list([
                  ]),
                  'place_in_container': '',
                  'type': 'text',
                }),
                dict({
                  'children': list([
                  ]),
                  'place_in_container': '',
                  'type': 'text',
                }),
                dict({
                  'children': list([
                  ]),
                  'place_in_container': '',
                  'type': 'text',
                }),
                dict({
                  'children': list([
                  ]),
                  'place_in_container': '',
                  'type': 'text',
                }),
                dict({
                  'children': list([
                  ]),
                  'place_in_container': '',
                  'type': 'text',
                }),
                dict({
                  'children': list([
                  ]),
                  'place_in_container': '',
                  'type': 'text',
                }),
              ]),
              'place_in_container': '1',
              'type': 'form_container',
            }),
          ]),
          'place_in_container': '',
          'type': 'column',
        }),
        dict({
          'children': list([
          ]),
          'place_in_container': '',
          'type': 'heading',
        }),
        dict({
          'children': list([
          ]),
          'place_in_container': '',
          'type': 'link',
        }),
        dict({
          'children': list([
          ]),
          'place_in_container': '',
          'type': 'table',
        }),
      ]),
      'Project tasks': list([
        dict({
          'children': list([
          ]),
          'place_in_container': '',
          'type': 'heading',
        }),
        dict({
          'children': list([
          ]),
          'place_in_container': '',
          'type': 'menu',
        }),
        dict({
          'children': list([
          ]),
          'place_in_container': '',
          'type': 'heading',
        }),
        dict({
          'children': list([
          ]),
          'place_in_container': '',
          'type': 'table',
        }),
      ]),
      'Project team': list([
        dict({
          'children': list([
          ]),
          'place_in_container': '',
          'type': 'heading',
        }),
        dict({
          'children': list([
          ]),
          'place_in_container': '',
          'type': 'menu',
        }),
        dict({
          'children': list([
            dict({
              'children': list([
                dict({
                  'children': list([
                    dict({
                      'children': list([
                        dict({
                          'children': list([
                          ]),
                          'place_in_container': '',
                          'type': 'image',
                        }),
                      ]),
                      'place_in_container': '',
                      'type': 'simple_container',
                    }),
                    dict({
                      'children': list([
                        dict({
                          'children': list([
                          ]),
                          'place_in_container': '',
                          'type': 'text',
                        }),
                        dict({
                          'children': list([
                          ]),
                          'place_in_container': '',
                          'type': 'button',
                        }),
                      ]),
                      'place_in_container': '',
                      'type': 'simple_container',
                    }),
                  ]),
                  'place_in_container': '',
                  'type': 'simple_container',
                }),
              ]),
              'place_in_container': '0',
              'type': 'repeat',
            }),
            dict({
              'children': list([
                dict({
                  'children': list([
                  ]),
                  'place_in_container': '',
                  'type': 'link',
                }),
                dict({
                  'children': list([
                  ]),
                  'place_in_container': '',
                  'type': 'button',
                }),
              ]),
              'place_in_container': '2',
              'type': 'simple_container',
            }),
            dict({
              'children': list([
                dict({
                  'children': list([
                  ]),
                  'place_in_container': '',
                  'type': 'heading',
                }),
                dict({
                  'children': list([
                    dict({
                      'children': list([
                      ]),
                      'place_in_container': '',
                      'type': 'link',
                    }),
                  ]),
                  'place_in_container': '',
                  'type': 'repeat',
                }),
                dict({
                  'children': list([
                  ]),
                  'place_in_container': '',
                  'type': 'heading',
                }),
                dict({
                  'children': list([
                    dict({
                      'children': list([
                      ]),
                      'place_in_container': '',
                      'type': 'link',
                    }),
                  ]),
                  'place_in_container': '',
                  'type': 'repeat',
                }),
                dict({
                  'children': list([
                  ]),
                  'place_in_container': '',
                  'type': 'heading',
                }),
                dict({
                  'children': list([
                    dict({
                      'children': list([
                      ]),
                      'place_in_container': '',
                      'type': 'link',
                    }),
                  ]),
                  'place_in_container': '',
                  'type': 'repeat',
                }),
              ]),
              'place_in_container': '2',
              'type': 'simple_container',
            }),
            dict({
              'children': list([
                dict({
                  'children': list([
                    dict({
                      'children': list([
                        dict({
                          'children': list([
                          ]),
                          'place_in_container': '',
                          'type': 'image',
                        }),
                      ]),
                      'place_in_container': '',
                      'type': 'simple_container',
                    }),
                    dict({
                      'children': list([
                        dict({
                          'children': list([
                          ]),
                          'place_in_container': '',
                          'type': 'text',
                        }),
                        dict({
                          'children': list([
                          ]),
                          'place_in_container': '',
                          'type': 'text',
                        }),
                        dict({
                          'children': list([
                          ]),
                          'place_in_container': '',
                          'type': 'link',
                        }),
                      ]),
                      'place_in_container': '',
                      'type': 'simple_container',
                    }),
                  ]),
                  'place_in_container': '',
                  'type': 'simple_container',
                }),
                dict({
                  'children': list([
                    dict({
                      'children': list([
                        dict({
                          'children': list([
                          ]),
                          'place_in_container': '',
                          'type': 'image',
                        }),
                      ]),
                      'place_in_container': '',
                      'type': 'simple_container',
                    }),
                    dict({
                      'children': list([
                        dict({
                          'children': list([
                          ]),
                          'place_in_container': '',
                          'type': 'text',
                        }),
                        dict({
                          'children': list([
                          ]),
                          'place_in_container': '',
                          'type': 'text',
                        }),
                        dict({
                          'children': list([
                          ]),
                          'place_in_container': '',
                          'type': 'link',
                        }),
                      ]),
                      'place_in_container': '',
                      'type': 'simple_container',
                    }),
                  ]),
                  'place_in_container': '',
                  'type': 'simple_container',
                }),
              ]),
              'place_in_container': '1',
              'type': 'repeat',
            }),
          ]),
          'place_in_container': '',
          'type': 'column',
        }),
      ]),
      'Projects': list([
        dict({
          'children': list([
          ]),
          'place_in_container': '',
          'type': 'heading',
        }),
        dict({
          'children': list([
          ]),
          'place_in_container': '',
          'type': 'table',
        }),
        dict({
          'children': list([
          ]),
          'place_in_container': '',
          'type': 'heading',
        }),
        dict({
          'children': list([
          ]),
          'place_in_container': '',
          'type': 'link',
        }),
        dict({
          'children': list([
          ]),
          'place_in_container': '',
          'type': 'table',
        }),
        dict({
          'children': list([
          ]),
          'place_in_container': '',
          'type': 'heading',
        }),
        dict({
          'children': list([
          ]),
          'place_in_container': '',
          'type': 'table',
        }),
      ]),
      'Task actions': list([
        dict({
          'children': list([
          ]),
          'place_in_container': '',
          'type': 'text',
        }),
        dict({
          'children': list([
            dict({
              'children': list([
              ]),
              'place_in_container': '0',
              'type': 'text',
            }),
            dict({
              'children': list([
              ]),
              'place_in_container': '1',
              'type': 'button',
            }),
          ]),
          'place_in_container': '',
          'type': 'column',
        }),
        dict({
          'children': list([
            dict({
              'children': list([
              ]),
              'place_in_container': '0',
              'type': 'text',
            }),
            dict({
              'children': list([
              ]),
              'place_in_container': '1',
              'type': 'button',
            }),
          ]),
          'place_in_container': '',
          'type': 'column',
        }),
        dict({
          'children': list([
          ]),
          'place_in_container': '',
          'type': 'text',
        }),
        dict({
          'children': list([
          ]),
          'place_in_container': '',
          'type': 'heading',
        }),
        dict({
          'children': list([
          ]),
          'place_in_container': '',
          'type': 'menu',
        }),
        dict({
          'children': list([
            dict({
              'children': list([
                dict({
                  'children': list([
                  ]),
                  'place_in_container': '',
                  'type': 'text',
                }),
                dict({
                  'children': list([
                  ]),
                  'place_in_container': '',
                  'type': 'link',
                }),
                dict({
                  'children': list([
                  ]),
                  'place_in_container': '',
                  'type': 'text',
                }),
                dict({
                  'children': list([
                  ]),
                  'place_in_container': '',
                  'type': 'text',
                }),
                dict({
                  'children': list([
                  ]),
                  'place_in_container': '',
                  'type': 'text',
                }),
                dict({
                  'children': list([
                  ]),
                  'place_in_container': '',
                  'type': 'button',
                }),
              ]),
              'place_in_container': '0',
              'type': 'simple_container',
            }),
            dict({
              'children': list([
                dict({
                  'children': list([
                  ]),
                  'place_in_container': '',
                  'type': 'input_text',
                }),
                dict({
                  'children': list([
                  ]),
                  'place_in_container': '',
                  'type': 'input_text',
                }),
              ]),
              'place_in_container': '0',
              'type': 'form_container',
            }),
            dict({
              'children': list([
                dict({
                  'children': list([
                    dict({
                      'children': list([
                      ]),
                      'place_in_container': '',
                      'type': 'text',
                    }),
                    dict({
                      'children': list([
                      ]),
                      'place_in_container': '',
                      'type': 'text',
                    }),
                    dict({
                      'children': list([
                      ]),
                      'place_in_container': '',
                      'type': 'text',
                    }),
                  ]),
                  'place_in_container': '',
                  'type': 'simple_container',
                }),
              ]),
              'place_in_container': '1',
              'type': 'repeat',
            }),
          ]),
          'place_in_container': '',
          'type': 'column',
        }),
      ]),
      'Task dependencies': list([
        dict({
          'children': list([
          ]),
          'place_in_container': '',
          'type': 'text',
        }),
        dict({
          'children': list([
            dict({
              'children': list([
              ]),
              'place_in_container': '0',
              'type': 'text',
            }),
            dict({
              'children': list([
              ]),
              'place_in_container': '1',
              'type': 'button',
            }),
          ]),
          'place_in_container': '',
          'type': 'column',
        }),
        dict({
          'children': list([
            dict({
              'children': list([
              ]),
              'place_in_container': '0',
              'type': 'text',
            }),
            dict({
              'children': list([
              ]),
              'place_in_container': '1',
              'type': 'button',
            }),
          ]),
          'place_in_container': '',
          'type': 'column',
        }),
        dict({
          'children': list([
          ]),
          'place_in_container': '',
          'type': 'text',
        }),
        dict({
          'children': list([
          ]),
          'place_in_container': '',
          'type': 'heading',
        }),
        dict({
          'children': list([
          ]),
          'place_in_container': '',
          'type': 'menu',
        }),
        dict({
          'children': list([
            dict({
              'children': list([
                dict({
                  'children': list([
                  ]),
                  'place_in_container': '',
                  'type': 'record_selector',
                }),
              ]),
              'place_in_container': '1',
              'type': 'form_container',
            }),
            dict({
              'children': list([
              ]),
              'place_in_container': '1',
              'type': 'heading',
            }),
            dict({
              'children': list([
                dict({
                  'children': list([
                  ]),
                  'place_in_container': '',
                  'type': 'link',
                }),
              ]),
              'place_in_container': '1',
              'type': 'repeat',
            }),
            dict({
              'children': list([
                dict({
                  'children': list([
                  ]),
                  'place_in_container': '',
                  'type': 'record_selector',
                }),
                dict({
                  'children': list([
                  ]),
                  'place_in_container': '',
                  'type': 'text',
                }),
              ]),
              'place_in_container': '0',
              'type': 'form_container',
            }),
          ]),
          'place_in_container': '',
          'type': 'column',
        }),
      ]),
      'Task details': list([
        dict({
          'children': list([
          ]),
          'place_in_container': '',
          'type': 'text',
        }),
        dict({
          'children': list([
            dict({
              'children': list([
              ]),
              'place_in_container': '0',
              'type': 'text',
            }),
            dict({
              'children': list([
              ]),
              'place_in_container': '1',
              'type': 'button',
            }),
          ]),
          'place_in_container': '',
          'type': 'column',
        }),
        dict({
          'children': list([
            dict({
              'children': list([
              ]),
              'place_in_container': '0',
              'type': 'text',
            }),
            dict({
              'children': list([
              ]),
              'place_in_container': '1',
              'type': 'button',
            }),
          ]),
          'place_in_container': '',
          'type': 'column',
        }),
        dict({
          'children': list([
          ]),
          'place_in_container': '',
          'type': 'text',
        }),
        dict({
          'children': list([
          ]),
          'place_in_container': '',
          'type': 'heading',
        }),
        dict({
          'children': list([
          ]),
          'place_in_container': '',
          'type': 'menu',
        }),
        dict({
          'children': list([
            dict({
              'children': list([
              ]),
              'place_in_container': '1',
              'type': 'text',
            }),
            dict({
              'children': list([
              ]),
              'place_in_container': '1',
              'type': 'link',
            }),
            dict({
              'children': list([
              ]),
              'place_in_container': '1',
              'type': 'text',
            }),
            dict({
              'children': list([
              ]),
              'place_in_container': '1',
              'type': 'link',
            }),
            dict({
              'children': list([
              ]),
              'place_in_container': '1',
              'type': 'text',
            }),
            dict({
              'children': list([
              ]),
              'place_in_container': '1',
              'type': 'link',
            }),
            dict({
              'children': list([
              ]),
              'place_in_container': '1',
              'type': 'text',
            }),
            dict({
              'children': list([
              ]),
              'place_in_container': '1',
              'type': 'text',
            }),
            dict({
              'children': list([
              ]),
              'place_in_container': '1',
              'type': 'text',
            }),
            dict({
              'children': list([
              ]),
              'place_in_container': '1',
              'type': 'text',
            }),
            dict({
              'children': list([
              ]),
              'place_in_container': '1',
              'type': 'text',
            }),
            dict({
              'children': list([
              ]),
              'place_in_container': '1',
              'type': 'text',
            }),
            dict({
              'children': list([
                dict({
                  'children': list([
                  ]),
                  'place_in_container': '',
                  'type': 'input_text',
                }),
                dict({
                  'children': list([
                  ]),
                  'place_in_container': '',
                  'type': 'input_text',
                }),
                dict({
                  'children': list([
                  ]),
                  'place_in_container': '',
                  'type': 'choice',
                }),
                dict({
                  'children': list([
                  ]),
                  'place_in_container': '',
                  'type': 'datetime_picker',
                }),
                dict({
                  'children': list([
                  ]),
                  'place_in_container': '',
                  'type': 'datetime_picker',
                }),
                dict({
                  'children': list([
                  ]),
                  'place_in_container': '',
                  'type': 'input_text',
                }),
                dict({
                  'children': list([
                  ]),
                  'place_in_container': '',
                  'type': 'record_selector',
                }),
                dict({
                  'children': list([
                  ]),
                  'place_in_container': '',
                  'type': 'record_selector',
                }),
              ]),
              'place_in_container': '0',
              'type': 'form_container',
            }),
            dict({
              'children': list([
                dict({
                  'children': list([
                  ]),
                  'place_in_container': '',
                  'type': 'heading',
                }),
                dict({
                  'children': list([
                    dict({
                      'children': list([
                      ]),
                      'place_in_container': '',
                      'type': 'link',
                    }),
                  ]),
                  'place_in_container': '',
                  'type': 'repeat',
                }),
                dict({
                  'children': list([
                  ]),
                  'place_in_container': '',
                  'type': 'heading',
                }),
                dict({
                  'children': list([
                    dict({
                      'children': list([
                      ]),
                      'place_in_container': '',
                      'type': 'link',
                    }),
                  ]),
                  'place_in_container': '',
                  'type': 'repeat',
                }),
              ]),
              'place_in_container': '2',
              'type': 'simple_container',
            }),
          ]),
          'place_in_container': '',
          'type': 'column',
        }),
      ]),
      'Task files': list([
        dict({
          'children': list([
          ]),
          'place_in_container': '',
          'type': 'text',
        }),
        dict({
          'children': list([
            dict({
              'children': list([
              ]),
              'place_in_container': '0',
              'type': 'text',
            }),
            dict({
              'children': list([
              ]),
              'place_in_container': '1',
              'type': 'button',
            }),
          ]),
          'place_in_container': '',
          'type': 'column',
        }),
        dict({
          'children': list([
            dict({
              'children': list([
              ]),
              'place_in_container': '0',
              'type': 'text',
            }),
            dict({
              'children': list([
              ]),
              'place_in_container': '1',
              'type': 'button',
            }),
          ]),
          'place_in_container': '',
          'type': 'column',
        }),
        dict({
          'children': list([
          ]),
          'place_in_container': '',
          'type': 'text',
        }),
        dict({
          'children': list([
          ]),
          'place_in_container': '',
          'type': 'heading',
        }),
        dict({
          'children': list([
          ]),
          'place_in_container': '',
          'type': 'menu',
        }),
        dict({
          'children': list([
            dict({
              'children': list([
              ]),
              'place_in_container': '1',
              'type': 'heading',
            }),
            dict({
              'children': list([
              ]),
              'place_in_container': '1',
              'type': 'table',
            }),
            dict({
              'children': list([
              ]),
              'place_in_container': '1',
              'type': 'heading',
            }),
            dict({
              'children': list([
              ]),
              'place_in_container': '1',
              'type': 'table',
            }),
            dict({
              'children': list([
                dict({
                  'children': list([
                  ]),
                  'place_in_container': '',
                  'type': 'input_text',
                }),
                dict({
                  'children': list([
                  ]),
                  'place_in_container': '',
                  'type': 'input_file',
                }),
              ]),
              'place_in_container': '0',
              'type': 'form_container',
            }),
          ]),
          'place_in_container': '',
          'type': 'column',
        }),
      ]),
      'Task messages': list([
        dict({
          'children': list([
          ]),
          'place_in_container': '',
          'type': 'text',
        }),
        dict({
          'children': list([
            dict({
              'children': list([
              ]),
              'place_in_container': '0',
              'type': 'text',
            }),
            dict({
              'children': list([
              ]),
              'place_in_container': '1',
              'type': 'button',
            }),
          ]),
          'place_in_container': '',
          'type': 'column',
        }),
        dict({
          'children': list([
            dict({
              'children': list([
              ]),
              'place_in_container': '0',
              'type': 'text',
            }),
            dict({
              'children': list([
              ]),
              'place_in_container': '1',
              'type': 'button',
            }),
          ]),
          'place_in_container': '',
          'type': 'column',
        }),
        dict({
          'children': list([
          ]),
          'place_in_container': '',
          'type': 'text',
        }),
        dict({
          'children': list([
          ]),
          'place_in_container': '',
          'type': 'heading',
        }),
        dict({
          'children': list([
          ]),
          'place_in_container': '',
          'type': 'menu',
        }),
        dict({
          'children': list([
            dict({
              'children': list([
                dict({
                  'children': list([
                  ]),
                  'place_in_container': '',
                  'type': 'input_text',
                }),
              ]),
              'place_in_container': '0',
              'type': 'form_container',
            }),
            dict({
              'children': list([
                dict({
                  'children': list([
                    dict({
                      'children': list([
                        dict({
                          'children': list([
                          ]),
                          'place_in_container': '',
                          'type': 'image',
                        }),
                      ]),
                      'place_in_container': '',
                      'type': 'simple_container',
                    }),
                    dict({
                      'children': list([
                        dict({
                          'children': list([
                          ]),
                          'place_in_container': '',
                          'type': 'link',
                        }),
                        dict({
                          'children': list([
                          ]),
                          'place_in_container': '',
                          'type': 'text',
                        }),
                      ]),
                      'place_in_container': '',
                      'type': 'simple_container',
                    }),
                  ]),
                  'place_in_container': '',
                  'type': 'simple_container',
                }),
                dict({
                  'children': list([
                    dict({
                      'children': list([
                      ]),
                      'place_in_container': '',
                      'type': 'text',
                    }),
                  ]),
                  'place_in_container': '',
                  'type': 'simple_container',
                }),
                dict({
                  'children': list([
                    dict({
                      'children': list([
                      ]),
                      'place_in_container': '',
                      'type': 'text',
                    }),
                  ]),
                  'place_in_container': '',
                  'type': 'simple_container',
                }),
              ]),
              'place_in_container': '1',
              'type': 'repeat',
            }),
          ]),
          'place_in_container': '',
          'type': 'column',
        }),
      ]),
      'User details': list([
        dict({
          'children': list([
            dict({
              'children': list([
              ]),
              'place_in_container': '1',
              'type': 'image',
            }),
            dict({
              'children': list([
              ]),
              'place_in_container': '0',
              'type': 'heading',
            }),
            dict({
              'children': list([
              ]),
              'place_in_container': '0',
              'type': 'text',
            }),
            dict({
              'children': list([
              ]),
              'place_in_container': '0',
              'type': 'link',
            }),
            dict({
              'children': list([
              ]),
              'place_in_container': '0',
              'type': 'text',
            }),
            dict({
              'children': list([
              ]),
              'place_in_container': '0',
              'type': 'text',
            }),
            dict({
              'children': list([
              ]),
              'place_in_container': '0',
              'type': 'text',
            }),
            dict({
              'children': list([
              ]),
              'place_in_container': '0',
              'type': 'text',
            }),
          ]),
          'place_in_container': '',
          'type': 'column',
        }),
        dict({
          'children': list([
          ]),
          'place_in_container': '',
          'type': 'heading',
        }),
        dict({
          'children': list([
          ]),
          'place_in_container': '',
          'type': 'heading',
        }),
        dict({
          'children': list([
          ]),
          'place_in_container': '',
          'type': 'table',
        }),
        dict({
          'children': list([
          ]),
          'place_in_container': '',
          'type': 'heading',
        }),
        dict({
          'children': list([
          ]),
          'place_in_container': '',
          'type': 'table',
        }),
        dict({
          'children': list([
          ]),
          'place_in_container': '',
          'type': 'heading',
        }),
        dict({
          'children': list([
          ]),
          'place_in_container': '',
          'type': 'table',
        }),
      ]),
      '__shared__': list([
        dict({
          'children': list([
            dict({
              'children': list([
                dict({
                  'children': list([
                  ]),
                  'place_in_container': '1',
                  'type': 'text',
                }),
                dict({
                  'children': list([
                  ]),
                  'place_in_container': '1',
                  'type': 'text',
                }),
                dict({
                  'children': list([
                  ]),
                  'place_in_container': '0',
                  'type': 'image',
                }),
              ]),
              'place_in_container': '',
              'type': 'column',
            }),
            dict({
              'children': list([
              ]),
              'place_in_container': '',
              'type': 'menu',
            }),
          ]),
          'place_in_container': '',
          'type': 'header',
        }),
      ]),
    }),
  })
# ---
